Archive member included to satisfy reference by file (symbol)

/usr/lib/gcc/arm-none-eabi/9.2.1/../../../arm-none-eabi/lib/thumb/v8-m.main/nofp/libg.a(lib_a-ctype_.o)
                              ssyscalls.o (_ctype_)
/usr/lib/gcc/arm-none-eabi/9.2.1/../../../arm-none-eabi/lib/thumb/v8-m.main/nofp/libg.a(lib_a-errno.o)
                              sbrk.o (__errno)
/usr/lib/gcc/arm-none-eabi/9.2.1/../../../arm-none-eabi/lib/thumb/v8-m.main/nofp/libg.a(lib_a-findfp.o)
                              ssyscalls.o (__sinit)
/usr/lib/gcc/arm-none-eabi/9.2.1/../../../arm-none-eabi/lib/thumb/v8-m.main/nofp/libg.a(lib_a-fwalk.o)
                              /usr/lib/gcc/arm-none-eabi/9.2.1/../../../arm-none-eabi/lib/thumb/v8-m.main/nofp/libg.a(lib_a-findfp.o) (_fwalk)
/usr/lib/gcc/arm-none-eabi/9.2.1/../../../arm-none-eabi/lib/thumb/v8-m.main/nofp/libg.a(lib_a-impure.o)
                              /usr/lib/gcc/arm-none-eabi/9.2.1/../../../arm-none-eabi/lib/thumb/v8-m.main/nofp/libg.a(lib_a-findfp.o) (_global_impure_ptr)
/usr/lib/gcc/arm-none-eabi/9.2.1/../../../arm-none-eabi/lib/thumb/v8-m.main/nofp/libg.a(lib_a-malloc.o)
                              main.o (malloc)
/usr/lib/gcc/arm-none-eabi/9.2.1/../../../arm-none-eabi/lib/thumb/v8-m.main/nofp/libg.a(lib_a-mallocr.o)
                              /usr/lib/gcc/arm-none-eabi/9.2.1/../../../arm-none-eabi/lib/thumb/v8-m.main/nofp/libg.a(lib_a-findfp.o) (_malloc_r)
/usr/lib/gcc/arm-none-eabi/9.2.1/../../../arm-none-eabi/lib/thumb/v8-m.main/nofp/libg.a(lib_a-memset.o)
                              ssyscalls.o (memset)
/usr/lib/gcc/arm-none-eabi/9.2.1/../../../arm-none-eabi/lib/thumb/v8-m.main/nofp/libg.a(lib_a-mlock.o)
                              /usr/lib/gcc/arm-none-eabi/9.2.1/../../../arm-none-eabi/lib/thumb/v8-m.main/nofp/libg.a(lib_a-mallocr.o) (__malloc_lock)
/usr/lib/gcc/arm-none-eabi/9.2.1/../../../arm-none-eabi/lib/thumb/v8-m.main/nofp/libg.a(lib_a-printf.o)
                              main.o (printf)
/usr/lib/gcc/arm-none-eabi/9.2.1/../../../arm-none-eabi/lib/thumb/v8-m.main/nofp/libg.a(lib_a-sbrkr.o)
                              /usr/lib/gcc/arm-none-eabi/9.2.1/../../../arm-none-eabi/lib/thumb/v8-m.main/nofp/libg.a(lib_a-mallocr.o) (_sbrk_r)
/usr/lib/gcc/arm-none-eabi/9.2.1/../../../arm-none-eabi/lib/thumb/v8-m.main/nofp/libg.a(lib_a-stdio.o)
                              /usr/lib/gcc/arm-none-eabi/9.2.1/../../../arm-none-eabi/lib/thumb/v8-m.main/nofp/libg.a(lib_a-findfp.o) (__sread)
/usr/lib/gcc/arm-none-eabi/9.2.1/../../../arm-none-eabi/lib/thumb/v8-m.main/nofp/libg.a(lib_a-strlen-stub.o)
                              ssyscalls.o (strlen)
/usr/lib/gcc/arm-none-eabi/9.2.1/../../../arm-none-eabi/lib/thumb/v8-m.main/nofp/libg.a(lib_a-strncpy.o)
                              ssyscalls.o (strncpy)
/usr/lib/gcc/arm-none-eabi/9.2.1/../../../arm-none-eabi/lib/thumb/v8-m.main/nofp/libg.a(lib_a-sysclose.o)
                              main.o (close)
/usr/lib/gcc/arm-none-eabi/9.2.1/../../../arm-none-eabi/lib/thumb/v8-m.main/nofp/libg.a(lib_a-sysopen.o)
                              main.o (open)
/usr/lib/gcc/arm-none-eabi/9.2.1/../../../arm-none-eabi/lib/thumb/v8-m.main/nofp/libg.a(lib_a-sysread.o)
                              main.o (read)
/usr/lib/gcc/arm-none-eabi/9.2.1/../../../arm-none-eabi/lib/thumb/v8-m.main/nofp/libg.a(lib_a-syswrite.o)
                              main.o (write)
/usr/lib/gcc/arm-none-eabi/9.2.1/../../../arm-none-eabi/lib/thumb/v8-m.main/nofp/libg.a(lib_a-vfprintf.o)
                              /usr/lib/gcc/arm-none-eabi/9.2.1/../../../arm-none-eabi/lib/thumb/v8-m.main/nofp/libg.a(lib_a-printf.o) (_vfprintf_r)
/usr/lib/gcc/arm-none-eabi/9.2.1/../../../arm-none-eabi/lib/thumb/v8-m.main/nofp/libg.a(lib_a-writer.o)
                              /usr/lib/gcc/arm-none-eabi/9.2.1/../../../arm-none-eabi/lib/thumb/v8-m.main/nofp/libg.a(lib_a-stdio.o) (_write_r)
/usr/lib/gcc/arm-none-eabi/9.2.1/../../../arm-none-eabi/lib/thumb/v8-m.main/nofp/libg.a(lib_a-wsetup.o)
                              /usr/lib/gcc/arm-none-eabi/9.2.1/../../../arm-none-eabi/lib/thumb/v8-m.main/nofp/libg.a(lib_a-vfprintf.o) (__swsetup_r)
/usr/lib/gcc/arm-none-eabi/9.2.1/../../../arm-none-eabi/lib/thumb/v8-m.main/nofp/libg.a(lib_a-closer.o)
                              /usr/lib/gcc/arm-none-eabi/9.2.1/../../../arm-none-eabi/lib/thumb/v8-m.main/nofp/libg.a(lib_a-stdio.o) (_close_r)
/usr/lib/gcc/arm-none-eabi/9.2.1/../../../arm-none-eabi/lib/thumb/v8-m.main/nofp/libg.a(lib_a-dtoa.o)
                              /usr/lib/gcc/arm-none-eabi/9.2.1/../../../arm-none-eabi/lib/thumb/v8-m.main/nofp/libg.a(lib_a-vfprintf.o) (_dtoa_r)
/usr/lib/gcc/arm-none-eabi/9.2.1/../../../arm-none-eabi/lib/thumb/v8-m.main/nofp/libg.a(lib_a-fclose.o)
                              /usr/lib/gcc/arm-none-eabi/9.2.1/../../../arm-none-eabi/lib/thumb/v8-m.main/nofp/libg.a(lib_a-findfp.o) (_fclose_r)
[...]
Memory Configuration

Name             Origin             Length             Attributes
FLASH            0x0000000010000000 0x0000000000380000 xr
RAM              0x0000000010380000 0x0000000000380000 xrw
*default*        0x0000000000000000 0xffffffffffffffff

Linker script and memory map

LOAD main.o
LOAD sbrk.o
LOAD ssyscalls.o
LOAD startup_ARMCM33.o
LOAD startup.o
LOAD system_ARMCM33.o
LOAD /usr/lib/gcc/arm-none-eabi/9.2.1/../../../arm-none-eabi/lib/thumb/v8-m.main/nofp/libstdc++.a
LOAD /usr/lib/gcc/arm-none-eabi/9.2.1/../../../arm-none-eabi/lib/thumb/v8-m.main/nofp/libm.a
START GROUP
LOAD /usr/lib/gcc/arm-none-eabi/9.2.1/thumb/v8-m.main/nofp/libgcc.a
LOAD /usr/lib/gcc/arm-none-eabi/9.2.1/../../../arm-none-eabi/lib/thumb/v8-m.main/nofp/libg.a
LOAD /usr/lib/gcc/arm-none-eabi/9.2.1/../../../arm-none-eabi/lib/thumb/v8-m.main/nofp/libc.a
END GROUP
                0x0000000010000000                __ROM_BASE = 0x10000000
                0x0000000000380000                __ROM_SIZE = 0x380000
                0x0000000010380000                __RAM_BASE = 0x10380000
                0x0000000000380000                __RAM_SIZE = 0x380000
                0x0000000000000400                __STACK_SIZE = 0x400
                0x0000000000000c00                __HEAP_SIZE = 0xc00
                0x0000000000000000                __STACKSEAL_SIZE = 0x0

.text           0x0000000010000000     0x8152
 *(.vectors)
 .vectors       0x0000000010000000      0x7c0 startup_ARMCM33.o
                0x0000000010000000                __Vectors
 *(.text*)
 .text.startup.main
                0x00000000100007c0       0xa8 main.o
                0x00000000100007c0                main
 .text._sbrk    0x0000000010000868       0x4c sbrk.o
                0x0000000010000868                _sbrk
 .text._exit    0x00000000100008b4       0x20 ssyscalls.o
                0x00000000100008b4                _exit
 .text._kill    0x00000000100008d4       0x14 ssyscalls.o
                0x00000000100008d4                _kill
 .text.initialise_monitor_handles
                0x00000000100008e8       0xa8 ssyscalls.o
                0x00000000100008e8                initialise_monitor_handles
 .text.__initialize_args
                0x0000000010000990       0xc4 ssyscalls.o
                0x0000000010000990                __initialize_args
 .text._read    0x0000000010000a54       0x84 ssyscalls.o
                0x0000000010000a54                _read
 .text._lseek   0x0000000010000ad8       0xdc ssyscalls.o
                0x0000000010000ad8                _lseek
 .text._write   0x0000000010000bb4       0xb0 ssyscalls.o
                0x0000000010000bb4                _write
 .text._close   0x0000000010000c64       0x90 ssyscalls.o
                0x0000000010000c64                _close
 .text._getpid  0x0000000010000cf4        0x4 ssyscalls.o
                0x0000000010000cf4                _getpid
 .text._fstat   0x0000000010000cf8       0x84 ssyscalls.o
                0x0000000010000cf8                _fstat
 .text._stat    0x0000000010000d7c      0x120 ssyscalls.o
                0x0000000010000d7c                _stat
 .text._swiopen
                0x0000000010000e9c       0xc8 ssyscalls.o
                0x0000000010000e9c                _swiopen
 .text._open    0x0000000010000f64       0x14 ssyscalls.o
                0x0000000010000f64                _open
 .text._isatty  0x0000000010000f78       0x68 ssyscalls.o
                0x0000000010000f78                _isatty
 .text.HardFault_Handler
                0x0000000010000fe0        0x4 startup_ARMCM33.o
                0x0000000010000fe0                HardFault_Handler
 .text.Default_Handler
                0x0000000010000fe4        0x4 startup_ARMCM33.o
                0x0000000010000fe4                DebugMon_Handler
                0x0000000010000fe4                SysTick_Handler
                0x0000000010000fe4                PendSV_Handler
                0x0000000010000fe4                NMI_Handler
                0x0000000010000fe4                Interrupt3_Handler
                0x0000000010000fe4                Interrupt8_Handler
                0x0000000010000fe4                Interrupt5_Handler
                0x0000000010000fe4                UsageFault_Handler
                0x0000000010000fe4                Interrupt7_Handler
                0x0000000010000fe4                Interrupt2_Handler
                0x0000000010000fe4                Interrupt0_Handler
                0x0000000010000fe4                Interrupt4_Handler
                0x0000000010000fe4                SecureFault_Handler
                0x0000000010000fe4                Default_Handler
                0x0000000010000fe4                Interrupt9_Handler
                0x0000000010000fe4                Interrupt6_Handler
                0x0000000010000fe4                MemManage_Handler
                0x0000000010000fe4                SVC_Handler
                0x0000000010000fe4                Interrupt1_Handler
                0x0000000010000fe4                BusFault_Handler
 .text.Reset_Handler
                0x0000000010000fe8       0x9c startup_ARMCM33.o
                0x0000000010000fe8                Reset_Handler
 .text.SystemInit
                0x0000000010001084       0x20 system_ARMCM33.o
                0x0000000010001084                SystemInit
 .text          0x00000000100010a4        0xc /usr/lib/gcc/arm-none-eabi/9.2.1/../../../arm-none-eabi/lib/thumb/v8-m.main/nofp/libg.a(lib_a-errno.o)
                0x00000000100010a4                __errno
 .text          0x00000000100010b0      0x1f4 /usr/lib/gcc/arm-none-eabi/9.2.1/../../../arm-none-eabi/lib/thumb/v8-m.main/nofp/libg.a(lib_a-findfp.o)
                0x00000000100010b4                _cleanup_r
                0x000000001000119c                __sfmoreglue
                0x00000000100011cc                __sfp
                0x0000000010001250                _cleanup
                0x0000000010001264                __sinit
                0x000000001000126c                __sfp_lock_acquire
                0x0000000010001270                __sfp_lock_release
                0x0000000010001274                __sinit_lock_acquire
                0x0000000010001278                __sinit_lock_release
                0x000000001000127c                __fp_lock_all
                0x0000000010001290                __fp_unlock_all
 .text          0x00000000100012a4       0x98 /usr/lib/gcc/arm-none-eabi/9.2.1/../../../arm-none-eabi/lib/thumb/v8-m.main/nofp/libg.a(lib_a-fwalk.o)
                0x00000000100012a4                _fwalk
                0x00000000100012ec                _fwalk_reent
 .text          0x000000001000133c       0x20 /usr/lib/gcc/arm-none-eabi/9.2.1/../../../arm-none-eabi/lib/thumb/v8-m.main/nofp/libg.a(lib_a-malloc.o)
                0x000000001000133c                malloc
                0x000000001000134c                free
 .text          0x000000001000135c      0x590 /usr/lib/gcc/arm-none-eabi/9.2.1/../../../arm-none-eabi/lib/thumb/v8-m.main/nofp/libg.a(lib_a-mallocr.o)
                0x000000001000135c                _malloc_r
 .text          0x00000000100018ec       0xa0 /usr/lib/gcc/arm-none-eabi/9.2.1/../../../arm-none-eabi/lib/thumb/v8-m.main/nofp/libg.a(lib_a-memset.o)
                0x00000000100018ec                memset
 .text          0x000000001000198c        0x8 /usr/lib/gcc/arm-none-eabi/9.2.1/../../../arm-none-eabi/lib/thumb/v8-m.main/nofp/libg.a(lib_a-mlock.o)
                0x000000001000198c                __malloc_lock
                0x0000000010001990                __malloc_unlock
 .text          0x0000000010001994       0x48 /usr/lib/gcc/arm-none-eabi/9.2.1/../../../arm-none-eabi/lib/thumb/v8-m.main/nofp/libg.a(lib_a-printf.o)
                0x0000000010001994                _printf_r
                0x00000000100019b4                printf
 .text          0x00000000100019dc       0x24 /usr/lib/gcc/arm-none-eabi/9.2.1/../../../arm-none-eabi/lib/thumb/v8-m.main/nofp/libg.a(lib_a-sbrkr.o)
                0x00000000100019dc                _sbrk_r
 .text          0x0000000010001a00       0x94 /usr/lib/gcc/arm-none-eabi/9.2.1/../../../arm-none-eabi/lib/thumb/v8-m.main/nofp/libg.a(lib_a-stdio.o)
                0x0000000010001a00                __sread
                0x0000000010001a24                __seofread
                0x0000000010001a28                __swrite
                0x0000000010001a68                __sseek
                0x0000000010001a8c                __sclose
 .text          0x0000000010001a94       0x5c /usr/lib/gcc/arm-none-eabi/9.2.1/../../../arm-none-eabi/lib/thumb/v8-m.main/nofp/libg.a(lib_a-strlen-stub.o)
                0x0000000010001a94                strlen
 .text          0x0000000010001af0       0x10 /usr/lib/gcc/arm-none-eabi/9.2.1/../../../arm-none-eabi/lib/thumb/v8-m.main/nofp/libg.a(lib_a-sysclose.o)
                0x0000000010001af0                close
 .text          0x0000000010001b00       0x28 /usr/lib/gcc/arm-none-eabi/9.2.1/../../../arm-none-eabi/lib/thumb/v8-m.main/nofp/libg.a(lib_a-sysopen.o)
                0x0000000010001b00                open
 .text          0x0000000010001b28       0x18 /usr/lib/gcc/arm-none-eabi/9.2.1/../../../arm-none-eabi/lib/thumb/v8-m.main/nofp/libg.a(lib_a-sysread.o)
                0x0000000010001b28                read
 .text          0x0000000010001b40       0x18 /usr/lib/gcc/arm-none-eabi/9.2.1/../../../arm-none-eabi/lib/thumb/v8-m.main/nofp/libg.a(lib_a-syswrite.o)
                0x0000000010001b40                write
 .text          0x0000000010001b58     0x1634 /usr/lib/gcc/arm-none-eabi/9.2.1/../../../arm-none-eabi/lib/thumb/v8-m.main/nofp/libg.a(lib_a-vfprintf.o)
                0x0000000010001b58                _vfprintf_r
                0x0000000010003108                vfprintf
 .text          0x000000001000318c       0x2c /usr/lib/gcc/arm-none-eabi/9.2.1/../../../arm-none-eabi/lib/thumb/v8-m.main/nofp/libg.a(lib_a-writer.o)
                0x000000001000318c                _write_r
 .text          0x00000000100031b8       0xcc /usr/lib/gcc/arm-none-eabi/9.2.1/../../../arm-none-eabi/lib/thumb/v8-m.main/nofp/libg.a(lib_a-wsetup.o)
                0x00000000100031b8                __swsetup_r
 .text          0x0000000010003284       0x24 /usr/lib/gcc/arm-none-eabi/9.2.1/../../../arm-none-eabi/lib/thumb/v8-m.main/nofp/libg.a(lib_a-closer.o)
                0x0000000010003284                _close_r
 .text          0x00000000100032a8     0x1064 /usr/lib/gcc/arm-none-eabi/9.2.1/../../../arm-none-eabi/lib/thumb/v8-m.main/nofp/libg.a(lib_a-dtoa.o)
                0x00000000100033e8                _dtoa_r
 .text          0x000000001000430c       0x98 /usr/lib/gcc/arm-none-eabi/9.2.1/../../../arm-none-eabi/lib/thumb/v8-m.main/nofp/libg.a(lib_a-fclose.o)
                0x000000001000430c                _fclose_r
                0x0000000010004394                fclose
 .text          0x00000000100043a4      0x1a0 /usr/lib/gcc/arm-none-eabi/9.2.1/../../../arm-none-eabi/lib/thumb/v8-m.main/nofp/libg.a(lib_a-fflush.o)
                0x00000000100043a4                __sflush_r
                0x00000000100044ec                _fflush_r
                0x0000000010004520                fflush
 .text          0x0000000010004544      0x294 /usr/lib/gcc/arm-none-eabi/9.2.1/../../../arm-none-eabi/lib/thumb/v8-m.main/nofp/libg.a(lib_a-freer.o)
                0x0000000010004544                _malloc_trim_r
                0x00000000100045e4                _free_r
 .text          0x00000000100047d8       0x14 /usr/lib/gcc/arm-none-eabi/9.2.1/../../../arm-none-eabi/lib/thumb/v8-m.main/nofp/libg.a(lib_a-localeconv.o)
                0x00000000100047d8                __localeconv_l
                0x00000000100047dc                _localeconv_r
                0x00000000100047e4                localeconv
 .text          0x00000000100047ec       0x2c /usr/lib/gcc/arm-none-eabi/9.2.1/../../../arm-none-eabi/lib/thumb/v8-m.main/nofp/libg.a(lib_a-lseekr.o)
                0x00000000100047ec                _lseek_r
 .text          0x0000000010004818       0xf0 /usr/lib/gcc/arm-none-eabi/9.2.1/../../../arm-none-eabi/lib/thumb/v8-m.main/nofp/libg.a(lib_a-makebuf.o)
                0x0000000010004818                __swhatbuf_r
                0x0000000010004874                __smakebuf_r
 .text          0x0000000010004908       0x8c /usr/lib/gcc/arm-none-eabi/9.2.1/../../../arm-none-eabi/lib/thumb/v8-m.main/nofp/libg.a(lib_a-memchr-stub.o)
                0x0000000010004908                memchr
 .text          0x0000000010004994       0xec /usr/lib/gcc/arm-none-eabi/9.2.1/../../../arm-none-eabi/lib/thumb/v8-m.main/nofp/libg.a(lib_a-memcpy.o)
                0x0000000010004994                memcpy
 .text          0x0000000010004a80      0x998 /usr/lib/gcc/arm-none-eabi/9.2.1/../../../arm-none-eabi/lib/thumb/v8-m.main/nofp/libg.a(lib_a-mprec.o)
                0x0000000010004a80                _Balloc
                0x0000000010004acc                _Bfree
                0x0000000010004ae0                __multadd
                0x0000000010004b88                __s2b
                0x0000000010004c34                __hi0bits
                0x0000000010004c78                __lo0bits
                0x0000000010004cd8                __i2b
                0x0000000010004d04                __multiply
                0x0000000010004e54                __pow5mult
                0x0000000010004eec                __lshift
                0x0000000010004fc0                __mcmp
                0x0000000010004ff8                __mdiff
                0x0000000010005120                __ulp
                0x0000000010005164                __b2d
                0x0000000010005224                __d2b
                0x00000000100052e8                __ratio
                0x0000000010005344                _mprec_log10
                0x000000001000537c                __copybits
                0x00000000100053c4                __any_on
 .text          0x0000000010005418       0x2c /usr/lib/gcc/arm-none-eabi/9.2.1/../../../arm-none-eabi/lib/thumb/v8-m.main/nofp/libg.a(lib_a-openr.o)
                0x0000000010005418                _open_r
 .text          0x0000000010005444       0x2c /usr/lib/gcc/arm-none-eabi/9.2.1/../../../arm-none-eabi/lib/thumb/v8-m.main/nofp/libg.a(lib_a-readr.o)
                0x0000000010005444                _read_r
 .text          0x0000000010005470      0xd30 /usr/lib/gcc/arm-none-eabi/9.2.1/../../../arm-none-eabi/lib/thumb/v8-m.main/nofp/libg.a(lib_a-vfiprintf.o)
                0x00000000100054e4                __sprint_r
                0x00000000100054f4                _vfiprintf_r
                0x000000001000611c                vfiprintf
 .text          0x00000000100061a0       0x48 /usr/lib/gcc/arm-none-eabi/9.2.1/../../../arm-none-eabi/lib/thumb/v8-m.main/nofp/libg.a(lib_a-assert.o)
                0x00000000100061a0                __assert_func
                0x00000000100061dc                __assert
 .text          0x00000000100061e8       0x60 /usr/lib/gcc/arm-none-eabi/9.2.1/../../../arm-none-eabi/lib/thumb/v8-m.main/nofp/libg.a(lib_a-callocr.o)
                0x00000000100061e8                _calloc_r
 .text          0x0000000010006248       0x48 /usr/lib/gcc/arm-none-eabi/9.2.1/../../../arm-none-eabi/lib/thumb/v8-m.main/nofp/libg.a(lib_a-fiprintf.o)
                0x0000000010006248                _fiprintf_r
                0x0000000010006268                fiprintf
 .text          0x0000000010006290      0x104 /usr/lib/gcc/arm-none-eabi/9.2.1/../../../arm-none-eabi/lib/thumb/v8-m.main/nofp/libg.a(lib_a-fputwc.o)
                0x0000000010006290                __fputwc
                0x0000000010006330                _fputwc_r
                0x0000000010006354                fputwc
 .text          0x0000000010006394       0x28 /usr/lib/gcc/arm-none-eabi/9.2.1/../../../arm-none-eabi/lib/thumb/v8-m.main/nofp/libg.a(lib_a-fstatr.o)
                0x0000000010006394                _fstat_r
 .text          0x00000000100063bc      0x328 /usr/lib/gcc/arm-none-eabi/9.2.1/../../../arm-none-eabi/lib/thumb/v8-m.main/nofp/libg.a(lib_a-fvwrite.o)
                0x00000000100063bc                __sfvwrite_r
 .text          0x00000000100066e4       0x24 /usr/lib/gcc/arm-none-eabi/9.2.1/../../../arm-none-eabi/lib/thumb/v8-m.main/nofp/libg.a(lib_a-isattyr.o)
                0x00000000100066e4                _isatty_r
 .text          0x0000000010006708       0x5c /usr/lib/gcc/arm-none-eabi/9.2.1/../../../arm-none-eabi/lib/thumb/v8-m.main/nofp/libg.a(lib_a-locale.o)
                0x0000000010006708                _setlocale_r
                0x0000000010006748                __locale_mb_cur_max
                0x0000000010006754                setlocale
 .text          0x0000000010006764       0x40 /usr/lib/gcc/arm-none-eabi/9.2.1/../../../arm-none-eabi/lib/thumb/v8-m.main/nofp/libg.a(lib_a-mbtowc_r.o)
                0x0000000010006764                _mbtowc_r
                0x0000000010006778                __ascii_mbtowc
 .text          0x00000000100067a4       0xd0 /usr/lib/gcc/arm-none-eabi/9.2.1/../../../arm-none-eabi/lib/thumb/v8-m.main/nofp/libg.a(lib_a-memmove.o)
                0x00000000100067a4                memmove
 .text          0x0000000010006874      0x400 /usr/lib/gcc/arm-none-eabi/9.2.1/../../../arm-none-eabi/lib/thumb/v8-m.main/nofp/libg.a(lib_a-reallocr.o)
                0x0000000010006874                _realloc_r
 .text          0x0000000010006c74      0x1bc /usr/lib/gcc/arm-none-eabi/9.2.1/../../../arm-none-eabi/lib/thumb/v8-m.main/nofp/libg.a(lib_a-strcmp.o)
                0x0000000010006c74                strcmp
 .text          0x0000000010006e30       0xc0 /usr/lib/gcc/arm-none-eabi/9.2.1/../../../arm-none-eabi/lib/thumb/v8-m.main/nofp/libg.a(lib_a-wbuf.o)
                0x0000000010006e30                __swbuf_r
                0x0000000010006ee0                __swbuf
 .text          0x0000000010006ef0       0x7c /usr/lib/gcc/arm-none-eabi/9.2.1/../../../arm-none-eabi/lib/thumb/v8-m.main/nofp/libg.a(lib_a-wcrtomb.o)
                0x0000000010006ef0                _wcrtomb_r
                0x0000000010006f24                wcrtomb
 .text          0x0000000010006f6c       0x30 /usr/lib/gcc/arm-none-eabi/9.2.1/../../../arm-none-eabi/lib/thumb/v8-m.main/nofp/libg.a(lib_a-wctomb_r.o)
                0x0000000010006f6c                _wctomb_r
                0x0000000010006f80                __ascii_wctomb
 .text          0x0000000010006f9c       0x10 /usr/lib/gcc/arm-none-eabi/9.2.1/../../../arm-none-eabi/lib/thumb/v8-m.main/nofp/libg.a(lib_a-abort.o)
                0x0000000010006f9c                abort
 .text          0x0000000010006fac      0x15c /usr/lib/gcc/arm-none-eabi/9.2.1/../../../arm-none-eabi/lib/thumb/v8-m.main/nofp/libg.a(lib_a-signal.o)
                0x0000000010006fd4                _init_signal_r
                0x0000000010006fe0                _signal_r
                0x0000000010007018                _raise_r
                0x0000000010007070                __sigtramp_r
                0x00000000100070c4                raise
                0x00000000100070d4                signal
                0x00000000100070e4                _init_signal
                0x00000000100070f8                __sigtramp
 .text          0x0000000010007108       0x2c /usr/lib/gcc/arm-none-eabi/9.2.1/../../../arm-none-eabi/lib/thumb/v8-m.main/nofp/libg.a(lib_a-signalr.o)
                0x0000000010007108                _kill_r
                0x0000000010007130                _getpid_r
 .text          0x0000000010007134      0x378 /usr/lib/gcc/arm-none-eabi/9.2.1/thumb/v8-m.main/nofp/libgcc.a(_arm_addsubdf3.o)
                0x0000000010007134                __aeabi_drsub
                0x000000001000713c                __aeabi_dsub
                0x000000001000713c                __subdf3
                0x0000000010007140                __adddf3
                0x0000000010007140                __aeabi_dadd
                0x00000000100073b8                __aeabi_ui2d
                0x00000000100073b8                __floatunsidf
                0x00000000100073d8                __floatsidf
                0x00000000100073d8                __aeabi_i2d
                0x00000000100073fc                __extendsfdf2
                0x00000000100073fc                __aeabi_f2d
                0x0000000010007440                __aeabi_ul2d
                0x0000000010007440                __floatundidf
                0x0000000010007450                __floatdidf
                0x0000000010007450                __aeabi_l2d
 .text          0x00000000100074ac      0x424 /usr/lib/gcc/arm-none-eabi/9.2.1/thumb/v8-m.main/nofp/libgcc.a(_arm_muldivdf3.o)
                0x00000000100074ac                __aeabi_dmul
                0x00000000100074ac                __muldf3
                0x0000000010007700                __aeabi_ddiv
                0x0000000010007700                __divdf3
 .text          0x00000000100078d0      0x110 /usr/lib/gcc/arm-none-eabi/9.2.1/thumb/v8-m.main/nofp/libgcc.a(_arm_cmpdf2.o)
                0x00000000100078d0                __gtdf2
                0x00000000100078d0                __gedf2
                0x00000000100078d8                __ltdf2
                0x00000000100078d8                __ledf2
                0x00000000100078e0                __cmpdf2
                0x00000000100078e0                __eqdf2
                0x00000000100078e0                __nedf2
                0x000000001000795c                __aeabi_cdrcmple
                0x000000001000796c                __aeabi_cdcmple
                0x000000001000796c                __aeabi_cdcmpeq
                0x000000001000797c                __aeabi_dcmpeq
                0x0000000010007990                __aeabi_dcmplt
                0x00000000100079a4                __aeabi_dcmple
                0x00000000100079b8                __aeabi_dcmpge
                0x00000000100079cc                __aeabi_dcmpgt
 .text          0x00000000100079e0       0x2c /usr/lib/gcc/arm-none-eabi/9.2.1/thumb/v8-m.main/nofp/libgcc.a(_arm_unorddf2.o)
                0x00000000100079e0                __aeabi_dcmpun
                0x00000000100079e0                __unorddf2
 .text          0x0000000010007a0c       0x50 /usr/lib/gcc/arm-none-eabi/9.2.1/thumb/v8-m.main/nofp/libgcc.a(_arm_fixdfsi.o)
                0x0000000010007a0c                __fixdfsi
                0x0000000010007a0c                __aeabi_d2iz
 .text          0x0000000010007a5c       0x30 /usr/lib/gcc/arm-none-eabi/9.2.1/thumb/v8-m.main/nofp/libgcc.a(_aeabi_uldivmod.o)
                0x0000000010007a5c                __aeabi_uldivmod
 .text          0x0000000010007a8c      0x2c8 /usr/lib/gcc/arm-none-eabi/9.2.1/thumb/v8-m.main/nofp/libgcc.a(_udivmoddi4.o)
                0x0000000010007a8c                __udivmoddi4
 .text          0x0000000010007d54        0x4 /usr/lib/gcc/arm-none-eabi/9.2.1/thumb/v8-m.main/nofp/libgcc.a(_dvmd_tls.o)
                0x0000000010007d54                __aeabi_ldiv0
                0x0000000010007d54                __aeabi_idiv0
 *(.init)
 *(.fini)
 *crtbegin.o(.ctors)
 *crtbegin?.o(.ctors)
 *(EXCLUDE_FILE(*crtend.o *crtend?.o) .ctors)
 *(SORT_BY_NAME(.ctors.*))
 *(.ctors)
 *crtbegin.o(.dtors)
 *crtbegin?.o(.dtors)
 *(EXCLUDE_FILE(*crtend.o *crtend?.o) .dtors)
 *(SORT_BY_NAME(.dtors.*))
 *(.dtors)
 *(.rodata*)
 .rodata.main.str1.4
                0x0000000010007d58       0x68 main.o
 .rodata.initialise_monitor_handles.str1.4
                0x0000000010007dc0        0x4 ssyscalls.o
 .rodata        0x0000000010007dc4      0x101 /usr/lib/gcc/arm-none-eabi/9.2.1/../../../arm-none-eabi/lib/thumb/v8-m.main/nofp/libg.a(lib_a-ctype_.o)
                0x0000000010007dc4                _ctype_
 *fill*         0x0000000010007ec5        0x3 
 .rodata        0x0000000010007ec8        0x4 /usr/lib/gcc/arm-none-eabi/9.2.1/../../../arm-none-eabi/lib/thumb/v8-m.main/nofp/libg.a(lib_a-impure.o)
                0x0000000010007ec8                _global_impure_ptr
 .rodata        0x0000000010007ecc       0x20 /usr/lib/gcc/arm-none-eabi/9.2.1/../../../arm-none-eabi/lib/thumb/v8-m.main/nofp/libg.a(lib_a-vfprintf.o)
 .rodata.str1.4
                0x0000000010007eec       0x42 /usr/lib/gcc/arm-none-eabi/9.2.1/../../../arm-none-eabi/lib/thumb/v8-m.main/nofp/libg.a(lib_a-vfprintf.o)
 *fill*         0x0000000010007f2e        0x2 
 .rodata.str1.4
                0x0000000010007f30       0x56 /usr/lib/gcc/arm-none-eabi/9.2.1/../../../arm-none-eabi/lib/thumb/v8-m.main/nofp/libg.a(lib_a-dtoa.o)
                                         0x5a (size before relaxing)
 *fill*         0x0000000010007f86        0x2 
 .rodata        0x0000000010007f88      0x128 /usr/lib/gcc/arm-none-eabi/9.2.1/../../../arm-none-eabi/lib/thumb/v8-m.main/nofp/libg.a(lib_a-mprec.o)
                0x0000000010007f98                __mprec_tens
                0x0000000010008060                __mprec_tinytens
                0x0000000010008088                __mprec_bigtens
 .rodata.str1.4
                0x00000000100080b0       0x33 /usr/lib/gcc/arm-none-eabi/9.2.1/../../../arm-none-eabi/lib/thumb/v8-m.main/nofp/libg.a(lib_a-mprec.o)
                                         0x47 (size before relaxing)
 *fill*         0x00000000100080e3        0x1 
 .rodata        0x00000000100080e4       0x20 /usr/lib/gcc/arm-none-eabi/9.2.1/../../../arm-none-eabi/lib/thumb/v8-m.main/nofp/libg.a(lib_a-vfiprintf.o)
 .rodata.str1.4
                0x0000000010008104       0x2f /usr/lib/gcc/arm-none-eabi/9.2.1/../../../arm-none-eabi/lib/thumb/v8-m.main/nofp/libg.a(lib_a-vfiprintf.o)
 .rodata.str1.4
                0x0000000010008104       0x3f /usr/lib/gcc/arm-none-eabi/9.2.1/../../../arm-none-eabi/lib/thumb/v8-m.main/nofp/libg.a(lib_a-assert.o)
                                         0x43 (size before relaxing)
 *fill*         0x0000000010008143        0x1 
 .rodata.str1.4
                0x0000000010008144        0xe /usr/lib/gcc/arm-none-eabi/9.2.1/../../../arm-none-eabi/lib/thumb/v8-m.main/nofp/libg.a(lib_a-locale.o)
                                         0x12 (size before relaxing)
 *(.eh_frame*)

.glue_7         0x0000000010008154        0x0
 .glue_7        0x0000000010008154        0x0 linker stubs

.glue_7t        0x0000000010008154        0x0
 .glue_7t       0x0000000010008154        0x0 linker stubs

.vfp11_veneer   0x0000000010008154        0x0
 .vfp11_veneer  0x0000000010008154        0x0 linker stubs

.v4_bx          0x0000000010008154        0x0
 .v4_bx         0x0000000010008154        0x0 linker stubs

.iplt           0x0000000010008154        0x0
 .iplt          0x0000000010008154        0x0 main.o

.after_vectors  0x0000000010008154       0x88
 .after_vectors
                0x0000000010008154       0x88 startup.o
                0x0000000010008154                _start

.ARM.extab
 *(.ARM.extab* .gnu.linkonce.armextab.*)
                0x00000000100081dc                __exidx_start = .

.ARM.exidx      0x00000000100081dc        0x8
 *(.ARM.exidx* .gnu.linkonce.armexidx.*)
 .ARM.exidx     0x00000000100081dc        0x8 /usr/lib/gcc/arm-none-eabi/9.2.1/thumb/v8-m.main/nofp/libgcc.a(_udivmoddi4.o)
                0x00000000100081e4                __exidx_end = .

.rel.dyn        0x00000000100081e4        0x0
 .rel.iplt      0x00000000100081e4        0x0 main.o

.copy.table     0x00000000100081e4        0xc
                0x00000000100081e4                . = ALIGN (0x4)
                0x00000000100081e4                __copy_table_start__ = .
                0x00000000100081e4        0x4 LONG 0x100081f0 __etext
                0x00000000100081e8        0x4 LONG 0x10380000 __data_start__
                0x00000000100081ec        0x4 LONG 0x26d ((__data_end__ - __data_start__) / 0x4)
                0x00000000100081f0                __copy_table_end__ = .

.zero.table     0x00000000100081f0        0x0
                0x00000000100081f0                . = ALIGN (0x4)
                0x00000000100081f0                __zero_table_start__ = .
                0x00000000100081f0                __zero_table_end__ = .
                0x00000000100081f0                __etext = ALIGN (0x4)

.data           0x0000000010380000      0x9b4 load address 0x00000000100081f0
                0x0000000010380000                __data_start__ = .
 *(vtable)
 *(.data)
 .data          0x0000000010380000      0x430 /usr/lib/gcc/arm-none-eabi/9.2.1/../../../arm-none-eabi/lib/thumb/v8-m.main/nofp/libg.a(lib_a-impure.o)
                0x0000000010380000                _impure_ptr
 .data          0x0000000010380430      0x410 /usr/lib/gcc/arm-none-eabi/9.2.1/../../../arm-none-eabi/lib/thumb/v8-m.main/nofp/libg.a(lib_a-mallocr.o)
                0x0000000010380430                __malloc_av_
                0x0000000010380838                __malloc_sbrk_base
                0x000000001038083c                __malloc_trim_threshold
 .data          0x0000000010380840      0x16c /usr/lib/gcc/arm-none-eabi/9.2.1/../../../arm-none-eabi/lib/thumb/v8-m.main/nofp/libg.a(lib_a-locale.o)
                0x0000000010380840                __global_locale
 *(.data.*)
 .data.x        0x00000000103809ac        0x4 main.o
                0x00000000103809ac                x
 .data.SystemCoreClock
                0x00000000103809b0        0x4 system_ARMCM33.o
                0x00000000103809b0                SystemCoreClock
                0x00000000103809b4                . = ALIGN (0x4)
                0x00000000103809b4                PROVIDE (__preinit_array_start = .)
 *(.preinit_array)
                0x00000000103809b4                PROVIDE (__preinit_array_end = .)
                0x00000000103809b4                . = ALIGN (0x4)
                0x00000000103809b4                PROVIDE (__init_array_start = .)
 *(SORT_BY_NAME(.init_array.*))
 *(.init_array)
                0x00000000103809b4                PROVIDE (__init_array_end = .)
                0x00000000103809b4                . = ALIGN (0x4)
                0x00000000103809b4                PROVIDE (__fini_array_start = .)
 *(SORT_BY_NAME(.fini_array.*))
 *(.fini_array)
                0x00000000103809b4                PROVIDE (__fini_array_end = .)
 *(.jcr*)
                0x00000000103809b4                . = ALIGN (0x4)
                0x00000000103809b4                __data_end__ = .

.igot.plt       0x00000000103809b4        0x0 load address 0x0000000010008ba4
 .igot.plt      0x00000000103809b4        0x0 main.o

.bss            0x00000000103809b4      0x164
                0x00000000103809b4                . = ALIGN (0x4)
                0x00000000103809b4                __bss_start__ = .
 *(.bss)
 .bss           0x00000000103809b4       0x34 /usr/lib/gcc/arm-none-eabi/9.2.1/../../../arm-none-eabi/lib/thumb/v8-m.main/nofp/libg.a(lib_a-mallocr.o)
                0x00000000103809b4                __malloc_top_pad
                0x00000000103809b8                __malloc_current_mallinfo
                0x00000000103809e0                __malloc_max_sbrked_mem
                0x00000000103809e4                __malloc_max_total_mem
 *(.bss.*)
 .bss.current_heap_end.4463
                0x00000000103809e8        0x4 sbrk.o
 .bss.args_buf.6421
                0x00000000103809ec       0x50 ssyscalls.o
 .bss.argv_buf.6422
                0x0000000010380a3c       0x28 ssyscalls.o
 .bss.monitor_stderr
                0x0000000010380a64        0x4 ssyscalls.o
 .bss.monitor_stdin
                0x0000000010380a68        0x4 ssyscalls.o
 .bss.monitor_stdout
                0x0000000010380a6c        0x4 ssyscalls.o
 .bss.openfiles
                0x0000000010380a70       0xa0 ssyscalls.o
 *(COMMON)
 COMMON         0x0000000010380b10        0x4 main.o
                0x0000000010380b10                y
 COMMON         0x0000000010380b14        0x4 ssyscalls.o
                0x0000000010380b14                errno
                0x0000000010380b18                . = ALIGN (0x4)
                0x0000000010380b18                __bss_end__ = .

.heap           0x0000000010380b18      0xc00
                0x0000000010380b18                . = ALIGN (0x8)
                0x0000000010380b18                __end__ = .
                [!provide]                        PROVIDE (end = .)
                0x0000000010381718                . = (. + __HEAP_SIZE)
 *fill*         0x0000000010380b18      0xc00 
                0x0000000010381718                . = ALIGN (0x8)
                0x0000000010381718                __HeapLimit = .

.stack          0x00000000106ffc00      0x400
                0x00000000106ffc00                . = ALIGN (0x8)
                0x00000000106ffc00                __StackLimit = .
                0x0000000010700000                . = (. + __STACK_SIZE)
 *fill*         0x00000000106ffc00      0x400 
                0x0000000010700000                . = ALIGN (0x8)
                0x0000000010700000                __StackTop = .
                [!provide]                        PROVIDE (__stack = __StackTop)

.stackseal      0x0000000010700000        0x8
                0x0000000010700000                . = ALIGN (0x8)
                0x0000000010700000                __StackSeal = .
                0x0000000010700008                . = (. + 0x8)
 *fill*         0x0000000010700000        0x8 
                0x0000000010700008                . = ALIGN (0x8)
                0x0000000000000001                ASSERT ((__StackLimit >= __HeapLimit), region RAM overflowed with stack)
OUTPUT(hello.elf elf32-littlearm)
LOAD linker stubs

.debug_info     0x0000000000000000    0x31aeb
 .debug_info    0x0000000000000000      0xc07 main.o
 .debug_info    0x0000000000000c07      0x9c9 sbrk.o
 .debug_info    0x00000000000015d0     0x373e ssyscalls.o
 .debug_info    0x0000000000004d0e      0x3c8 startup_ARMCM33.o
 .debug_info    0x00000000000050d6      0x3b8 startup.o
 .debug_info    0x000000000000548e      0x444 system_ARMCM33.o
 .debug_info    0x00000000000058d2      0xe91 /usr/lib/gcc/arm-none-eabi/9.2.1/../../../arm-none-eabi/lib/thumb/v8-m.main/nofp/libg.a(lib_a-ctype_.o)
 .debug_info    0x0000000000006763      0x953 /usr/lib/gcc/arm-none-eabi/9.2.1/../../../arm-none-eabi/lib/thumb/v8-m.main/nofp/libg.a(lib_a-errno.o)
 .debug_info    0x00000000000070b6     0x1143 /usr/lib/gcc/arm-none-eabi/9.2.1/../../../arm-none-eabi/lib/thumb/v8-m.main/nofp/libg.a(lib_a-findfp.o)
 .debug_info    0x00000000000081f9      0xca4 /usr/lib/gcc/arm-none-eabi/9.2.1/../../../arm-none-eabi/lib/thumb/v8-m.main/nofp/libg.a(lib_a-fwalk.o)
 .debug_info    0x0000000000008e9d      0x92a /usr/lib/gcc/arm-none-eabi/9.2.1/../../../arm-none-eabi/lib/thumb/v8-m.main/nofp/libg.a(lib_a-impure.o)
 .debug_info    0x00000000000097c7      0x9b6 /usr/lib/gcc/arm-none-eabi/9.2.1/../../../arm-none-eabi/lib/thumb/v8-m.main/nofp/libg.a(lib_a-malloc.o)
 .debug_info    0x000000000000a17d      0xf44 /usr/lib/gcc/arm-none-eabi/9.2.1/../../../arm-none-eabi/lib/thumb/v8-m.main/nofp/libg.a(lib_a-mallocr.o)
 .debug_info    0x000000000000b0c1      0xf21 /usr/lib/gcc/arm-none-eabi/9.2.1/../../../arm-none-eabi/lib/thumb/v8-m.main/nofp/libg.a(lib_a-memset.o)
 .debug_info    0x000000000000bfe2      0x961 /usr/lib/gcc/arm-none-eabi/9.2.1/../../../arm-none-eabi/lib/thumb/v8-m.main/nofp/libg.a(lib_a-mlock.o)
 .debug_info    0x000000000000c943      0xc35 /usr/lib/gcc/arm-none-eabi/9.2.1/../../../arm-none-eabi/lib/thumb/v8-m.main/nofp/libg.a(lib_a-printf.o)
 .debug_info    0x000000000000d578      0x9fb /usr/lib/gcc/arm-none-eabi/9.2.1/../../../arm-none-eabi/lib/thumb/v8-m.main/nofp/libg.a(lib_a-sbrkr.o)
 .debug_info    0x000000000000df73      0xe67 /usr/lib/gcc/arm-none-eabi/9.2.1/../../../arm-none-eabi/lib/thumb/v8-m.main/nofp/libg.a(lib_a-stdio.o)
 .debug_info    0x000000000000edda      0x941 /usr/lib/gcc/arm-none-eabi/9.2.1/../../../arm-none-eabi/lib/thumb/v8-m.main/nofp/libg.a(lib_a-strlen-stub.o)
 .debug_info    0x000000000000f71b      0x9a3 /usr/lib/gcc/arm-none-eabi/9.2.1/../../../arm-none-eabi/lib/thumb/v8-m.main/nofp/libg.a(lib_a-sysclose.o)
 .debug_info    0x00000000000100be      0x9f2 /usr/lib/gcc/arm-none-eabi/9.2.1/../../../arm-none-eabi/lib/thumb/v8-m.main/nofp/libg.a(lib_a-sysopen.o)
 .debug_info    0x0000000000010ab0      0x9e5 /usr/lib/gcc/arm-none-eabi/9.2.1/../../../arm-none-eabi/lib/thumb/v8-m.main/nofp/libg.a(lib_a-sysread.o)
 .debug_info    0x0000000000011495      0x9ec /usr/lib/gcc/arm-none-eabi/9.2.1/../../../arm-none-eabi/lib/thumb/v8-m.main/nofp/libg.a(lib_a-syswrite.o)
 .debug_info    0x0000000000011e81     0x20b8 /usr/lib/gcc/arm-none-eabi/9.2.1/../../../arm-none-eabi/lib/thumb/v8-m.main/nofp/libg.a(lib_a-vfprintf.o)
 .debug_info    0x0000000000013f39      0xa2c /usr/lib/gcc/arm-none-eabi/9.2.1/../../../arm-none-eabi/lib/thumb/v8-m.main/nofp/libg.a(lib_a-writer.o)
 .debug_info    0x0000000000014965      0xbf3 /usr/lib/gcc/arm-none-eabi/9.2.1/../../../arm-none-eabi/lib/thumb/v8-m.main/nofp/libg.a(lib_a-wsetup.o)
 .debug_info    0x0000000000015558      0x9d8 /usr/lib/gcc/arm-none-eabi/9.2.1/../../../arm-none-eabi/lib/thumb/v8-m.main/nofp/libg.a(lib_a-closer.o)
 .debug_info    0x0000000000015f30     0x1aac /usr/lib/gcc/arm-none-eabi/9.2.1/../../../arm-none-eabi/lib/thumb/v8-m.main/nofp/libg.a(lib_a-dtoa.o)
 .debug_info    0x00000000000179dc      0xcd5 /usr/lib/gcc/arm-none-eabi/9.2.1/../../../arm-none-eabi/lib/thumb/v8-m.main/nofp/libg.a(lib_a-fclose.o)
 .debug_info    0x00000000000186b1      0xd73 /usr/lib/gcc/arm-none-eabi/9.2.1/../../../arm-none-eabi/lib/thumb/v8-m.main/nofp/libg.a(lib_a-fflush.o)
 .debug_info    0x0000000000019424      0xdc4 /usr/lib/gcc/arm-none-eabi/9.2.1/../../../arm-none-eabi/lib/thumb/v8-m.main/nofp/libg.a(lib_a-freer.o)
 .debug_info    0x000000000001a1e8      0xf49 /usr/lib/gcc/arm-none-eabi/9.2.1/../../../arm-none-eabi/lib/thumb/v8-m.main/nofp/libg.a(lib_a-localeconv.o)
 .debug_info    0x000000000001b131      0xa0d /usr/lib/gcc/arm-none-eabi/9.2.1/../../../arm-none-eabi/lib/thumb/v8-m.main/nofp/libg.a(lib_a-lseekr.o)
 .debug_info    0x000000000001bb3e      0xf69 /usr/lib/gcc/arm-none-eabi/9.2.1/../../../arm-none-eabi/lib/thumb/v8-m.main/nofp/libg.a(lib_a-makebuf.o)
 .debug_info    0x000000000001caa7      0x9e3 /usr/lib/gcc/arm-none-eabi/9.2.1/../../../arm-none-eabi/lib/thumb/v8-m.main/nofp/libg.a(lib_a-memchr-stub.o)
 .debug_info    0x000000000001d48a       0x26 /usr/lib/gcc/arm-none-eabi/9.2.1/../../../arm-none-eabi/lib/thumb/v8-m.main/nofp/libg.a(lib_a-memcpy.o)
 .debug_info    0x000000000001d4b0     0x2283 /usr/lib/gcc/arm-none-eabi/9.2.1/../../../arm-none-eabi/lib/thumb/v8-m.main/nofp/libg.a(lib_a-mprec.o)
 .debug_info    0x000000000001f733      0xa41 /usr/lib/gcc/arm-none-eabi/9.2.1/../../../arm-none-eabi/lib/thumb/v8-m.main/nofp/libg.a(lib_a-openr.o)
 .debug_info    0x0000000000020174      0xa25 /usr/lib/gcc/arm-none-eabi/9.2.1/../../../arm-none-eabi/lib/thumb/v8-m.main/nofp/libg.a(lib_a-readr.o)
 .debug_info    0x0000000000020b99     0x1e81 /usr/lib/gcc/arm-none-eabi/9.2.1/../../../arm-none-eabi/lib/thumb/v8-m.main/nofp/libg.a(lib_a-vfiprintf.o)
 .debug_info    0x0000000000022a1a      0xa48 /usr/lib/gcc/arm-none-eabi/9.2.1/../../../arm-none-eabi/lib/thumb/v8-m.main/nofp/libg.a(lib_a-assert.o)
 .debug_info    0x0000000000023462      0xc2f /usr/lib/gcc/arm-none-eabi/9.2.1/../../../arm-none-eabi/lib/thumb/v8-m.main/nofp/libg.a(lib_a-callocr.o)
 .debug_info    0x0000000000024091      0xa71 /usr/lib/gcc/arm-none-eabi/9.2.1/../../../arm-none-eabi/lib/thumb/v8-m.main/nofp/libg.a(lib_a-fiprintf.o)
 .debug_info    0x0000000000024b02      0xe4a /usr/lib/gcc/arm-none-eabi/9.2.1/../../../arm-none-eabi/lib/thumb/v8-m.main/nofp/libg.a(lib_a-fputwc.o)
 .debug_info    0x000000000002594c      0xc23 /usr/lib/gcc/arm-none-eabi/9.2.1/../../../arm-none-eabi/lib/thumb/v8-m.main/nofp/libg.a(lib_a-fstatr.o)
 .debug_info    0x000000000002656f      0xef3 /usr/lib/gcc/arm-none-eabi/9.2.1/../../../arm-none-eabi/lib/thumb/v8-m.main/nofp/libg.a(lib_a-fvwrite.o)
 .debug_info    0x0000000000027462      0x9d8 /usr/lib/gcc/arm-none-eabi/9.2.1/../../../arm-none-eabi/lib/thumb/v8-m.main/nofp/libg.a(lib_a-isattyr.o)
 .debug_info    0x0000000000027e3a     0x10ca /usr/lib/gcc/arm-none-eabi/9.2.1/../../../arm-none-eabi/lib/thumb/v8-m.main/nofp/libg.a(lib_a-locale.o)
 .debug_info    0x0000000000028f04     0x1044 /usr/lib/gcc/arm-none-eabi/9.2.1/../../../arm-none-eabi/lib/thumb/v8-m.main/nofp/libg.a(lib_a-mbtowc_r.o)
 .debug_info    0x0000000000029f48      0xf2b /usr/lib/gcc/arm-none-eabi/9.2.1/../../../arm-none-eabi/lib/thumb/v8-m.main/nofp/libg.a(lib_a-memmove.o)
 .debug_info    0x000000000002ae73      0xf32 /usr/lib/gcc/arm-none-eabi/9.2.1/../../../arm-none-eabi/lib/thumb/v8-m.main/nofp/libg.a(lib_a-reallocr.o)
 .debug_info    0x000000000002bda5       0x26 /usr/lib/gcc/arm-none-eabi/9.2.1/../../../arm-none-eabi/lib/thumb/v8-m.main/nofp/libg.a(lib_a-strcmp.o)
 .debug_info    0x000000000002bdcb      0xc90 /usr/lib/gcc/arm-none-eabi/9.2.1/../../../arm-none-eabi/lib/thumb/v8-m.main/nofp/libg.a(lib_a-wbuf.o)
 .debug_info    0x000000000002ca5b     0x10b3 /usr/lib/gcc/arm-none-eabi/9.2.1/../../../arm-none-eabi/lib/thumb/v8-m.main/nofp/libg.a(lib_a-wcrtomb.o)
 .debug_info    0x000000000002db0e     0x1003 /usr/lib/gcc/arm-none-eabi/9.2.1/../../../arm-none-eabi/lib/thumb/v8-m.main/nofp/libg.a(lib_a-wctomb_r.o)
 .debug_info    0x000000000002eb11      0x9b5 /usr/lib/gcc/arm-none-eabi/9.2.1/../../../arm-none-eabi/lib/thumb/v8-m.main/nofp/libg.a(lib_a-abort.o)
 .debug_info    0x000000000002f4c6      0xd5c /usr/lib/gcc/arm-none-eabi/9.2.1/../../../arm-none-eabi/lib/thumb/v8-m.main/nofp/libg.a(lib_a-signal.o)
 .debug_info    0x0000000000030222      0xa43 /usr/lib/gcc/arm-none-eabi/9.2.1/../../../arm-none-eabi/lib/thumb/v8-m.main/nofp/libg.a(lib_a-signalr.o)
 .debug_info    0x0000000000030c65       0x26 /usr/lib/gcc/arm-none-eabi/9.2.1/thumb/v8-m.main/nofp/libgcc.a(_arm_addsubdf3.o)
 .debug_info    0x0000000000030c8b       0x26 /usr/lib/gcc/arm-none-eabi/9.2.1/thumb/v8-m.main/nofp/libgcc.a(_arm_muldivdf3.o)
 .debug_info    0x0000000000030cb1       0x26 /usr/lib/gcc/arm-none-eabi/9.2.1/thumb/v8-m.main/nofp/libgcc.a(_arm_cmpdf2.o)
 .debug_info    0x0000000000030cd7       0x26 /usr/lib/gcc/arm-none-eabi/9.2.1/thumb/v8-m.main/nofp/libgcc.a(_arm_unorddf2.o)
 .debug_info    0x0000000000030cfd       0x26 /usr/lib/gcc/arm-none-eabi/9.2.1/thumb/v8-m.main/nofp/libgcc.a(_arm_fixdfsi.o)
 .debug_info    0x0000000000030d23       0x26 /usr/lib/gcc/arm-none-eabi/9.2.1/thumb/v8-m.main/nofp/libgcc.a(_aeabi_uldivmod.o)
 .debug_info    0x0000000000030d49      0xd7c /usr/lib/gcc/arm-none-eabi/9.2.1/thumb/v8-m.main/nofp/libgcc.a(_udivmoddi4.o)
 .debug_info    0x0000000000031ac5       0x26 /usr/lib/gcc/arm-none-eabi/9.2.1/thumb/v8-m.main/nofp/libgcc.a(_dvmd_tls.o)

.debug_abbrev   0x0000000000000000     0x9265
 .debug_abbrev  0x0000000000000000      0x25e main.o
 .debug_abbrev  0x000000000000025e      0x232 sbrk.o
 .debug_abbrev  0x0000000000000490      0x539 ssyscalls.o
 .debug_abbrev  0x00000000000009c9      0x211 startup_ARMCM33.o
 .debug_abbrev  0x0000000000000bda      0x1de startup.o
 .debug_abbrev  0x0000000000000db8      0x115 system_ARMCM33.o
 .debug_abbrev  0x0000000000000ecd      0x1b6 /usr/lib/gcc/arm-none-eabi/9.2.1/../../../arm-none-eabi/lib/thumb/v8-m.main/nofp/libg.a(lib_a-ctype_.o)
 .debug_abbrev  0x0000000000001083      0x1d6 /usr/lib/gcc/arm-none-eabi/9.2.1/../../../arm-none-eabi/lib/thumb/v8-m.main/nofp/libg.a(lib_a-errno.o)
 .debug_abbrev  0x0000000000001259      0x425 /usr/lib/gcc/arm-none-eabi/9.2.1/../../../arm-none-eabi/lib/thumb/v8-m.main/nofp/libg.a(lib_a-findfp.o)
 .debug_abbrev  0x000000000000167e      0x24e /usr/lib/gcc/arm-none-eabi/9.2.1/../../../arm-none-eabi/lib/thumb/v8-m.main/nofp/libg.a(lib_a-fwalk.o)
 .debug_abbrev  0x00000000000018cc      0x1b8 /usr/lib/gcc/arm-none-eabi/9.2.1/../../../arm-none-eabi/lib/thumb/v8-m.main/nofp/libg.a(lib_a-impure.o)
 .debug_abbrev  0x0000000000001a84      0x230 /usr/lib/gcc/arm-none-eabi/9.2.1/../../../arm-none-eabi/lib/thumb/v8-m.main/nofp/libg.a(lib_a-malloc.o)
 .debug_abbrev  0x0000000000001cb4      0x321 /usr/lib/gcc/arm-none-eabi/9.2.1/../../../arm-none-eabi/lib/thumb/v8-m.main/nofp/libg.a(lib_a-mallocr.o)
 .debug_abbrev  0x0000000000001fd5      0x217 /usr/lib/gcc/arm-none-eabi/9.2.1/../../../arm-none-eabi/lib/thumb/v8-m.main/nofp/libg.a(lib_a-memset.o)
 .debug_abbrev  0x00000000000021ec      0x203 /usr/lib/gcc/arm-none-eabi/9.2.1/../../../arm-none-eabi/lib/thumb/v8-m.main/nofp/libg.a(lib_a-mlock.o)
 .debug_abbrev  0x00000000000023ef      0x2b2 /usr/lib/gcc/arm-none-eabi/9.2.1/../../../arm-none-eabi/lib/thumb/v8-m.main/nofp/libg.a(lib_a-printf.o)
 .debug_abbrev  0x00000000000026a1      0x250 /usr/lib/gcc/arm-none-eabi/9.2.1/../../../arm-none-eabi/lib/thumb/v8-m.main/nofp/libg.a(lib_a-sbrkr.o)
 .debug_abbrev  0x00000000000028f1      0x2ad /usr/lib/gcc/arm-none-eabi/9.2.1/../../../arm-none-eabi/lib/thumb/v8-m.main/nofp/libg.a(lib_a-stdio.o)
 .debug_abbrev  0x0000000000002b9e      0x1d2 /usr/lib/gcc/arm-none-eabi/9.2.1/../../../arm-none-eabi/lib/thumb/v8-m.main/nofp/libg.a(lib_a-strlen-stub.o)
 .debug_abbrev  0x0000000000002d70      0x214 /usr/lib/gcc/arm-none-eabi/9.2.1/../../../arm-none-eabi/lib/thumb/v8-m.main/nofp/libg.a(lib_a-sysclose.o)
 .debug_abbrev  0x0000000000002f84      0x268 /usr/lib/gcc/arm-none-eabi/9.2.1/../../../arm-none-eabi/lib/thumb/v8-m.main/nofp/libg.a(lib_a-sysopen.o)
 .debug_abbrev  0x00000000000031ec      0x214 /usr/lib/gcc/arm-none-eabi/9.2.1/../../../arm-none-eabi/lib/thumb/v8-m.main/nofp/libg.a(lib_a-sysread.o)
 .debug_abbrev  0x0000000000003400      0x219 /usr/lib/gcc/arm-none-eabi/9.2.1/../../../arm-none-eabi/lib/thumb/v8-m.main/nofp/libg.a(lib_a-syswrite.o)
 .debug_abbrev  0x0000000000003619      0x466 /usr/lib/gcc/arm-none-eabi/9.2.1/../../../arm-none-eabi/lib/thumb/v8-m.main/nofp/libg.a(lib_a-vfprintf.o)
 .debug_abbrev  0x0000000000003a7f      0x22a /usr/lib/gcc/arm-none-eabi/9.2.1/../../../arm-none-eabi/lib/thumb/v8-m.main/nofp/libg.a(lib_a-writer.o)
 .debug_abbrev  0x0000000000003ca9      0x283 /usr/lib/gcc/arm-none-eabi/9.2.1/../../../arm-none-eabi/lib/thumb/v8-m.main/nofp/libg.a(lib_a-wsetup.o)
 .debug_abbrev  0x0000000000003f2c      0x225 /usr/lib/gcc/arm-none-eabi/9.2.1/../../../arm-none-eabi/lib/thumb/v8-m.main/nofp/libg.a(lib_a-closer.o)
 .debug_abbrev  0x0000000000004151      0x334 /usr/lib/gcc/arm-none-eabi/9.2.1/../../../arm-none-eabi/lib/thumb/v8-m.main/nofp/libg.a(lib_a-dtoa.o)
 .debug_abbrev  0x0000000000004485      0x327 /usr/lib/gcc/arm-none-eabi/9.2.1/../../../arm-none-eabi/lib/thumb/v8-m.main/nofp/libg.a(lib_a-fclose.o)
 .debug_abbrev  0x00000000000047ac      0x322 /usr/lib/gcc/arm-none-eabi/9.2.1/../../../arm-none-eabi/lib/thumb/v8-m.main/nofp/libg.a(lib_a-fflush.o)
 .debug_abbrev  0x0000000000004ace      0x2c9 /usr/lib/gcc/arm-none-eabi/9.2.1/../../../arm-none-eabi/lib/thumb/v8-m.main/nofp/libg.a(lib_a-freer.o)
 .debug_abbrev  0x0000000000004d97      0x27d /usr/lib/gcc/arm-none-eabi/9.2.1/../../../arm-none-eabi/lib/thumb/v8-m.main/nofp/libg.a(lib_a-localeconv.o)
 .debug_abbrev  0x0000000000005014      0x239 /usr/lib/gcc/arm-none-eabi/9.2.1/../../../arm-none-eabi/lib/thumb/v8-m.main/nofp/libg.a(lib_a-lseekr.o)
 .debug_abbrev  0x000000000000524d      0x334 /usr/lib/gcc/arm-none-eabi/9.2.1/../../../arm-none-eabi/lib/thumb/v8-m.main/nofp/libg.a(lib_a-makebuf.o)
 .debug_abbrev  0x0000000000005581      0x215 /usr/lib/gcc/arm-none-eabi/9.2.1/../../../arm-none-eabi/lib/thumb/v8-m.main/nofp/libg.a(lib_a-memchr-stub.o)
 .debug_abbrev  0x0000000000005796       0x14 /usr/lib/gcc/arm-none-eabi/9.2.1/../../../arm-none-eabi/lib/thumb/v8-m.main/nofp/libg.a(lib_a-memcpy.o)
 .debug_abbrev  0x00000000000057aa      0x4b7 /usr/lib/gcc/arm-none-eabi/9.2.1/../../../arm-none-eabi/lib/thumb/v8-m.main/nofp/libg.a(lib_a-mprec.o)
 .debug_abbrev  0x0000000000005c61      0x239 /usr/lib/gcc/arm-none-eabi/9.2.1/../../../arm-none-eabi/lib/thumb/v8-m.main/nofp/libg.a(lib_a-openr.o)
 .debug_abbrev  0x0000000000005e9a      0x225 /usr/lib/gcc/arm-none-eabi/9.2.1/../../../arm-none-eabi/lib/thumb/v8-m.main/nofp/libg.a(lib_a-readr.o)
 .debug_abbrev  0x00000000000060bf      0x479 /usr/lib/gcc/arm-none-eabi/9.2.1/../../../arm-none-eabi/lib/thumb/v8-m.main/nofp/libg.a(lib_a-vfiprintf.o)
 .debug_abbrev  0x0000000000006538      0x23d /usr/lib/gcc/arm-none-eabi/9.2.1/../../../arm-none-eabi/lib/thumb/v8-m.main/nofp/libg.a(lib_a-assert.o)
 .debug_abbrev  0x0000000000006775      0x275 /usr/lib/gcc/arm-none-eabi/9.2.1/../../../arm-none-eabi/lib/thumb/v8-m.main/nofp/libg.a(lib_a-callocr.o)
 .debug_abbrev  0x00000000000069ea      0x255 /usr/lib/gcc/arm-none-eabi/9.2.1/../../../arm-none-eabi/lib/thumb/v8-m.main/nofp/libg.a(lib_a-fiprintf.o)
 .debug_abbrev  0x0000000000006c3f      0x38c /usr/lib/gcc/arm-none-eabi/9.2.1/../../../arm-none-eabi/lib/thumb/v8-m.main/nofp/libg.a(lib_a-fputwc.o)
 .debug_abbrev  0x0000000000006fcb      0x239 /usr/lib/gcc/arm-none-eabi/9.2.1/../../../arm-none-eabi/lib/thumb/v8-m.main/nofp/libg.a(lib_a-fstatr.o)
 .debug_abbrev  0x0000000000007204      0x2ae /usr/lib/gcc/arm-none-eabi/9.2.1/../../../arm-none-eabi/lib/thumb/v8-m.main/nofp/libg.a(lib_a-fvwrite.o)
 .debug_abbrev  0x00000000000074b2      0x225 /usr/lib/gcc/arm-none-eabi/9.2.1/../../../arm-none-eabi/lib/thumb/v8-m.main/nofp/libg.a(lib_a-isattyr.o)
 .debug_abbrev  0x00000000000076d7      0x2e8 /usr/lib/gcc/arm-none-eabi/9.2.1/../../../arm-none-eabi/lib/thumb/v8-m.main/nofp/libg.a(lib_a-locale.o)
 .debug_abbrev  0x00000000000079bf      0x25f /usr/lib/gcc/arm-none-eabi/9.2.1/../../../arm-none-eabi/lib/thumb/v8-m.main/nofp/libg.a(lib_a-mbtowc_r.o)
 .debug_abbrev  0x0000000000007c1e      0x21c /usr/lib/gcc/arm-none-eabi/9.2.1/../../../arm-none-eabi/lib/thumb/v8-m.main/nofp/libg.a(lib_a-memmove.o)
 .debug_abbrev  0x0000000000007e3a      0x28d /usr/lib/gcc/arm-none-eabi/9.2.1/../../../arm-none-eabi/lib/thumb/v8-m.main/nofp/libg.a(lib_a-reallocr.o)
 .debug_abbrev  0x00000000000080c7       0x14 /usr/lib/gcc/arm-none-eabi/9.2.1/../../../arm-none-eabi/lib/thumb/v8-m.main/nofp/libg.a(lib_a-strcmp.o)
 .debug_abbrev  0x00000000000080db      0x2c3 /usr/lib/gcc/arm-none-eabi/9.2.1/../../../arm-none-eabi/lib/thumb/v8-m.main/nofp/libg.a(lib_a-wbuf.o)
 .debug_abbrev  0x000000000000839e      0x256 /usr/lib/gcc/arm-none-eabi/9.2.1/../../../arm-none-eabi/lib/thumb/v8-m.main/nofp/libg.a(lib_a-wcrtomb.o)
 .debug_abbrev  0x00000000000085f4      0x258 /usr/lib/gcc/arm-none-eabi/9.2.1/../../../arm-none-eabi/lib/thumb/v8-m.main/nofp/libg.a(lib_a-wctomb_r.o)
 .debug_abbrev  0x000000000000884c      0x20b /usr/lib/gcc/arm-none-eabi/9.2.1/../../../arm-none-eabi/lib/thumb/v8-m.main/nofp/libg.a(lib_a-abort.o)
 .debug_abbrev  0x0000000000008a57      0x36b /usr/lib/gcc/arm-none-eabi/9.2.1/../../../arm-none-eabi/lib/thumb/v8-m.main/nofp/libg.a(lib_a-signal.o)
 .debug_abbrev  0x0000000000008dc2      0x255 /usr/lib/gcc/arm-none-eabi/9.2.1/../../../arm-none-eabi/lib/thumb/v8-m.main/nofp/libg.a(lib_a-signalr.o)
 .debug_abbrev  0x0000000000009017       0x14 /usr/lib/gcc/arm-none-eabi/9.2.1/thumb/v8-m.main/nofp/libgcc.a(_arm_addsubdf3.o)
 .debug_abbrev  0x000000000000902b       0x14 /usr/lib/gcc/arm-none-eabi/9.2.1/thumb/v8-m.main/nofp/libgcc.a(_arm_muldivdf3.o)
 .debug_abbrev  0x000000000000903f       0x14 /usr/lib/gcc/arm-none-eabi/9.2.1/thumb/v8-m.main/nofp/libgcc.a(_arm_cmpdf2.o)
 .debug_abbrev  0x0000000000009053       0x14 /usr/lib/gcc/arm-none-eabi/9.2.1/thumb/v8-m.main/nofp/libgcc.a(_arm_unorddf2.o)
 .debug_abbrev  0x0000000000009067       0x14 /usr/lib/gcc/arm-none-eabi/9.2.1/thumb/v8-m.main/nofp/libgcc.a(_arm_fixdfsi.o)
 .debug_abbrev  0x000000000000907b       0x14 /usr/lib/gcc/arm-none-eabi/9.2.1/thumb/v8-m.main/nofp/libgcc.a(_aeabi_uldivmod.o)
 .debug_abbrev  0x000000000000908f      0x1c2 /usr/lib/gcc/arm-none-eabi/9.2.1/thumb/v8-m.main/nofp/libgcc.a(_udivmoddi4.o)
 .debug_abbrev  0x0000000000009251       0x14 /usr/lib/gcc/arm-none-eabi/9.2.1/thumb/v8-m.main/nofp/libgcc.a(_dvmd_tls.o)

.debug_loc      0x0000000000000000    0x164b4
 .debug_loc     0x0000000000000000       0xd6 main.o
 .debug_loc     0x00000000000000d6       0xb9 sbrk.o
 .debug_loc     0x000000000000018f     0x3190 ssyscalls.o
 .debug_loc     0x000000000000331f       0xaa startup_ARMCM33.o
 .debug_loc     0x00000000000033c9      0x3c9 startup.o
 .debug_loc     0x0000000000003792      0x32c /usr/lib/gcc/arm-none-eabi/9.2.1/../../../arm-none-eabi/lib/thumb/v8-m.main/nofp/libg.a(lib_a-findfp.o)
 .debug_loc     0x0000000000003abe      0x24f /usr/lib/gcc/arm-none-eabi/9.2.1/../../../arm-none-eabi/lib/thumb/v8-m.main/nofp/libg.a(lib_a-fwalk.o)
 .debug_loc     0x0000000000003d0d       0x64 /usr/lib/gcc/arm-none-eabi/9.2.1/../../../arm-none-eabi/lib/thumb/v8-m.main/nofp/libg.a(lib_a-malloc.o)
 .debug_loc     0x0000000000003d71     0x102d /usr/lib/gcc/arm-none-eabi/9.2.1/../../../arm-none-eabi/lib/thumb/v8-m.main/nofp/libg.a(lib_a-mallocr.o)
 .debug_loc     0x0000000000004d9e      0x231 /usr/lib/gcc/arm-none-eabi/9.2.1/../../../arm-none-eabi/lib/thumb/v8-m.main/nofp/libg.a(lib_a-memset.o)
 .debug_loc     0x0000000000004fcf       0x64 /usr/lib/gcc/arm-none-eabi/9.2.1/../../../arm-none-eabi/lib/thumb/v8-m.main/nofp/libg.a(lib_a-printf.o)
 .debug_loc     0x0000000000005033       0x6c /usr/lib/gcc/arm-none-eabi/9.2.1/../../../arm-none-eabi/lib/thumb/v8-m.main/nofp/libg.a(lib_a-sbrkr.o)
 .debug_loc     0x000000000000509f      0x393 /usr/lib/gcc/arm-none-eabi/9.2.1/../../../arm-none-eabi/lib/thumb/v8-m.main/nofp/libg.a(lib_a-stdio.o)
 .debug_loc     0x0000000000005432       0x25 /usr/lib/gcc/arm-none-eabi/9.2.1/../../../arm-none-eabi/lib/thumb/v8-m.main/nofp/libg.a(lib_a-strlen-stub.o)
 .debug_loc     0x0000000000005457       0x32 /usr/lib/gcc/arm-none-eabi/9.2.1/../../../arm-none-eabi/lib/thumb/v8-m.main/nofp/libg.a(lib_a-sysclose.o)
 .debug_loc     0x0000000000005489       0x47 /usr/lib/gcc/arm-none-eabi/9.2.1/../../../arm-none-eabi/lib/thumb/v8-m.main/nofp/libg.a(lib_a-sysopen.o)
 .debug_loc     0x00000000000054d0       0x96 /usr/lib/gcc/arm-none-eabi/9.2.1/../../../arm-none-eabi/lib/thumb/v8-m.main/nofp/libg.a(lib_a-sysread.o)
 .debug_loc     0x0000000000005566       0x96 /usr/lib/gcc/arm-none-eabi/9.2.1/../../../arm-none-eabi/lib/thumb/v8-m.main/nofp/libg.a(lib_a-syswrite.o)
 .debug_loc     0x00000000000055fc     0x3763 /usr/lib/gcc/arm-none-eabi/9.2.1/../../../arm-none-eabi/lib/thumb/v8-m.main/nofp/libg.a(lib_a-vfprintf.o)
 .debug_loc     0x0000000000008d5f       0xd0 /usr/lib/gcc/arm-none-eabi/9.2.1/../../../arm-none-eabi/lib/thumb/v8-m.main/nofp/libg.a(lib_a-writer.o)
 .debug_loc     0x0000000000008e2f       0xa0 /usr/lib/gcc/arm-none-eabi/9.2.1/../../../arm-none-eabi/lib/thumb/v8-m.main/nofp/libg.a(lib_a-wsetup.o)
 .debug_loc     0x0000000000008ecf       0x6c /usr/lib/gcc/arm-none-eabi/9.2.1/../../../arm-none-eabi/lib/thumb/v8-m.main/nofp/libg.a(lib_a-closer.o)
 .debug_loc     0x0000000000008f3b     0x3410 /usr/lib/gcc/arm-none-eabi/9.2.1/../../../arm-none-eabi/lib/thumb/v8-m.main/nofp/libg.a(lib_a-dtoa.o)
 .debug_loc     0x000000000000c34b      0x179 /usr/lib/gcc/arm-none-eabi/9.2.1/../../../arm-none-eabi/lib/thumb/v8-m.main/nofp/libg.a(lib_a-fclose.o)
 .debug_loc     0x000000000000c4c4      0x323 /usr/lib/gcc/arm-none-eabi/9.2.1/../../../arm-none-eabi/lib/thumb/v8-m.main/nofp/libg.a(lib_a-fflush.o)
 .debug_loc     0x000000000000c7e7      0x6a2 /usr/lib/gcc/arm-none-eabi/9.2.1/../../../arm-none-eabi/lib/thumb/v8-m.main/nofp/libg.a(lib_a-freer.o)
 .debug_loc     0x000000000000ce89       0x6f /usr/lib/gcc/arm-none-eabi/9.2.1/../../../arm-none-eabi/lib/thumb/v8-m.main/nofp/libg.a(lib_a-localeconv.o)
 .debug_loc     0x000000000000cef8       0xd0 /usr/lib/gcc/arm-none-eabi/9.2.1/../../../arm-none-eabi/lib/thumb/v8-m.main/nofp/libg.a(lib_a-lseekr.o)
 .debug_loc     0x000000000000cfc8      0x192 /usr/lib/gcc/arm-none-eabi/9.2.1/../../../arm-none-eabi/lib/thumb/v8-m.main/nofp/libg.a(lib_a-makebuf.o)
 .debug_loc     0x000000000000d15a      0x226 /usr/lib/gcc/arm-none-eabi/9.2.1/../../../arm-none-eabi/lib/thumb/v8-m.main/nofp/libg.a(lib_a-memchr-stub.o)
 .debug_loc     0x000000000000d380     0x2385 /usr/lib/gcc/arm-none-eabi/9.2.1/../../../arm-none-eabi/lib/thumb/v8-m.main/nofp/libg.a(lib_a-mprec.o)
 .debug_loc     0x000000000000f705       0xd0 /usr/lib/gcc/arm-none-eabi/9.2.1/../../../arm-none-eabi/lib/thumb/v8-m.main/nofp/libg.a(lib_a-openr.o)
 .debug_loc     0x000000000000f7d5       0xd0 /usr/lib/gcc/arm-none-eabi/9.2.1/../../../arm-none-eabi/lib/thumb/v8-m.main/nofp/libg.a(lib_a-readr.o)
 .debug_loc     0x000000000000f8a5     0x233f /usr/lib/gcc/arm-none-eabi/9.2.1/../../../arm-none-eabi/lib/thumb/v8-m.main/nofp/libg.a(lib_a-vfiprintf.o)
 .debug_loc     0x0000000000011be4      0x142 /usr/lib/gcc/arm-none-eabi/9.2.1/../../../arm-none-eabi/lib/thumb/v8-m.main/nofp/libg.a(lib_a-assert.o)
 .debug_loc     0x0000000000011d26      0x329 /usr/lib/gcc/arm-none-eabi/9.2.1/../../../arm-none-eabi/lib/thumb/v8-m.main/nofp/libg.a(lib_a-callocr.o)
 .debug_loc     0x000000000001204f       0xa6 /usr/lib/gcc/arm-none-eabi/9.2.1/../../../arm-none-eabi/lib/thumb/v8-m.main/nofp/libg.a(lib_a-fiprintf.o)
 .debug_loc     0x00000000000120f5      0x400 /usr/lib/gcc/arm-none-eabi/9.2.1/../../../arm-none-eabi/lib/thumb/v8-m.main/nofp/libg.a(lib_a-fputwc.o)
 .debug_loc     0x00000000000124f5       0x9e /usr/lib/gcc/arm-none-eabi/9.2.1/../../../arm-none-eabi/lib/thumb/v8-m.main/nofp/libg.a(lib_a-fstatr.o)
 .debug_loc     0x0000000000012593      0x6c9 /usr/lib/gcc/arm-none-eabi/9.2.1/../../../arm-none-eabi/lib/thumb/v8-m.main/nofp/libg.a(lib_a-fvwrite.o)
 .debug_loc     0x0000000000012c5c       0x6c /usr/lib/gcc/arm-none-eabi/9.2.1/../../../arm-none-eabi/lib/thumb/v8-m.main/nofp/libg.a(lib_a-isattyr.o)
 .debug_loc     0x0000000000012cc8      0x189 /usr/lib/gcc/arm-none-eabi/9.2.1/../../../arm-none-eabi/lib/thumb/v8-m.main/nofp/libg.a(lib_a-locale.o)
 .debug_loc     0x0000000000012e51      0x21d /usr/lib/gcc/arm-none-eabi/9.2.1/../../../arm-none-eabi/lib/thumb/v8-m.main/nofp/libg.a(lib_a-mbtowc_r.o)
 .debug_loc     0x000000000001306e      0x2e4 /usr/lib/gcc/arm-none-eabi/9.2.1/../../../arm-none-eabi/lib/thumb/v8-m.main/nofp/libg.a(lib_a-memmove.o)
 .debug_loc     0x0000000000013352     0x15ea /usr/lib/gcc/arm-none-eabi/9.2.1/../../../arm-none-eabi/lib/thumb/v8-m.main/nofp/libg.a(lib_a-reallocr.o)
 .debug_loc     0x000000000001493c      0x1b0 /usr/lib/gcc/arm-none-eabi/9.2.1/../../../arm-none-eabi/lib/thumb/v8-m.main/nofp/libg.a(lib_a-wbuf.o)
 .debug_loc     0x0000000000014aec      0x2b1 /usr/lib/gcc/arm-none-eabi/9.2.1/../../../arm-none-eabi/lib/thumb/v8-m.main/nofp/libg.a(lib_a-wcrtomb.o)
 .debug_loc     0x0000000000014d9d      0x152 /usr/lib/gcc/arm-none-eabi/9.2.1/../../../arm-none-eabi/lib/thumb/v8-m.main/nofp/libg.a(lib_a-wctomb_r.o)
 .debug_loc     0x0000000000014eef      0x55d /usr/lib/gcc/arm-none-eabi/9.2.1/../../../arm-none-eabi/lib/thumb/v8-m.main/nofp/libg.a(lib_a-signal.o)
 .debug_loc     0x000000000001544c       0xc3 /usr/lib/gcc/arm-none-eabi/9.2.1/../../../arm-none-eabi/lib/thumb/v8-m.main/nofp/libg.a(lib_a-signalr.o)
 .debug_loc     0x000000000001550f      0xfa5 /usr/lib/gcc/arm-none-eabi/9.2.1/thumb/v8-m.main/nofp/libgcc.a(_udivmoddi4.o)

.debug_aranges  0x0000000000000000      0x940
 .debug_aranges
                0x0000000000000000       0x20 main.o
 .debug_aranges
                0x0000000000000020       0x20 sbrk.o
 .debug_aranges
                0x0000000000000040       0xf8 ssyscalls.o
 .debug_aranges
                0x0000000000000138       0x30 startup_ARMCM33.o
 .debug_aranges
                0x0000000000000168       0x40 startup.o
 .debug_aranges
                0x00000000000001a8       0x28 system_ARMCM33.o
 .debug_aranges
                0x00000000000001d0       0x18 /usr/lib/gcc/arm-none-eabi/9.2.1/../../../arm-none-eabi/lib/thumb/v8-m.main/nofp/libg.a(lib_a-ctype_.o)
 .debug_aranges
                0x00000000000001e8       0x20 /usr/lib/gcc/arm-none-eabi/9.2.1/../../../arm-none-eabi/lib/thumb/v8-m.main/nofp/libg.a(lib_a-errno.o)
 .debug_aranges
                0x0000000000000208       0x20 /usr/lib/gcc/arm-none-eabi/9.2.1/../../../arm-none-eabi/lib/thumb/v8-m.main/nofp/libg.a(lib_a-findfp.o)
 .debug_aranges
                0x0000000000000228       0x20 /usr/lib/gcc/arm-none-eabi/9.2.1/../../../arm-none-eabi/lib/thumb/v8-m.main/nofp/libg.a(lib_a-fwalk.o)
 .debug_aranges
                0x0000000000000248       0x18 /usr/lib/gcc/arm-none-eabi/9.2.1/../../../arm-none-eabi/lib/thumb/v8-m.main/nofp/libg.a(lib_a-impure.o)
 .debug_aranges
                0x0000000000000260       0x20 /usr/lib/gcc/arm-none-eabi/9.2.1/../../../arm-none-eabi/lib/thumb/v8-m.main/nofp/libg.a(lib_a-malloc.o)
 .debug_aranges
                0x0000000000000280       0x20 /usr/lib/gcc/arm-none-eabi/9.2.1/../../../arm-none-eabi/lib/thumb/v8-m.main/nofp/libg.a(lib_a-mallocr.o)
 .debug_aranges
                0x00000000000002a0       0x20 /usr/lib/gcc/arm-none-eabi/9.2.1/../../../arm-none-eabi/lib/thumb/v8-m.main/nofp/libg.a(lib_a-memset.o)
 .debug_aranges
                0x00000000000002c0       0x20 /usr/lib/gcc/arm-none-eabi/9.2.1/../../../arm-none-eabi/lib/thumb/v8-m.main/nofp/libg.a(lib_a-mlock.o)
 .debug_aranges
                0x00000000000002e0       0x20 /usr/lib/gcc/arm-none-eabi/9.2.1/../../../arm-none-eabi/lib/thumb/v8-m.main/nofp/libg.a(lib_a-printf.o)
 .debug_aranges
                0x0000000000000300       0x20 /usr/lib/gcc/arm-none-eabi/9.2.1/../../../arm-none-eabi/lib/thumb/v8-m.main/nofp/libg.a(lib_a-sbrkr.o)
 .debug_aranges
                0x0000000000000320       0x20 /usr/lib/gcc/arm-none-eabi/9.2.1/../../../arm-none-eabi/lib/thumb/v8-m.main/nofp/libg.a(lib_a-stdio.o)
 .debug_aranges
                0x0000000000000340       0x20 /usr/lib/gcc/arm-none-eabi/9.2.1/../../../arm-none-eabi/lib/thumb/v8-m.main/nofp/libg.a(lib_a-strlen-stub.o)
 .debug_aranges
                0x0000000000000360       0x20 /usr/lib/gcc/arm-none-eabi/9.2.1/../../../arm-none-eabi/lib/thumb/v8-m.main/nofp/libg.a(lib_a-sysclose.o)
 .debug_aranges
                0x0000000000000380       0x20 /usr/lib/gcc/arm-none-eabi/9.2.1/../../../arm-none-eabi/lib/thumb/v8-m.main/nofp/libg.a(lib_a-sysopen.o)
 .debug_aranges
                0x00000000000003a0       0x20 /usr/lib/gcc/arm-none-eabi/9.2.1/../../../arm-none-eabi/lib/thumb/v8-m.main/nofp/libg.a(lib_a-sysread.o)
 .debug_aranges
                0x00000000000003c0       0x20 /usr/lib/gcc/arm-none-eabi/9.2.1/../../../arm-none-eabi/lib/thumb/v8-m.main/nofp/libg.a(lib_a-syswrite.o)
 .debug_aranges
                0x00000000000003e0       0x20 /usr/lib/gcc/arm-none-eabi/9.2.1/../../../arm-none-eabi/lib/thumb/v8-m.main/nofp/libg.a(lib_a-vfprintf.o)
 .debug_aranges
                0x0000000000000400       0x20 /usr/lib/gcc/arm-none-eabi/9.2.1/../../../arm-none-eabi/lib/thumb/v8-m.main/nofp/libg.a(lib_a-writer.o)
 .debug_aranges
                0x0000000000000420       0x20 /usr/lib/gcc/arm-none-eabi/9.2.1/../../../arm-none-eabi/lib/thumb/v8-m.main/nofp/libg.a(lib_a-wsetup.o)
 .debug_aranges
                0x0000000000000440       0x20 /usr/lib/gcc/arm-none-eabi/9.2.1/../../../arm-none-eabi/lib/thumb/v8-m.main/nofp/libg.a(lib_a-closer.o)
 .debug_aranges
                0x0000000000000460       0x20 /usr/lib/gcc/arm-none-eabi/9.2.1/../../../arm-none-eabi/lib/thumb/v8-m.main/nofp/libg.a(lib_a-dtoa.o)
 .debug_aranges
                0x0000000000000480       0x20 /usr/lib/gcc/arm-none-eabi/9.2.1/../../../arm-none-eabi/lib/thumb/v8-m.main/nofp/libg.a(lib_a-fclose.o)
 .debug_aranges
                0x00000000000004a0       0x20 /usr/lib/gcc/arm-none-eabi/9.2.1/../../../arm-none-eabi/lib/thumb/v8-m.main/nofp/libg.a(lib_a-fflush.o)
 .debug_aranges
                0x00000000000004c0       0x20 /usr/lib/gcc/arm-none-eabi/9.2.1/../../../arm-none-eabi/lib/thumb/v8-m.main/nofp/libg.a(lib_a-freer.o)
 .debug_aranges
                0x00000000000004e0       0x20 /usr/lib/gcc/arm-none-eabi/9.2.1/../../../arm-none-eabi/lib/thumb/v8-m.main/nofp/libg.a(lib_a-localeconv.o)
 .debug_aranges
                0x0000000000000500       0x20 /usr/lib/gcc/arm-none-eabi/9.2.1/../../../arm-none-eabi/lib/thumb/v8-m.main/nofp/libg.a(lib_a-lseekr.o)
 .debug_aranges
                0x0000000000000520       0x20 /usr/lib/gcc/arm-none-eabi/9.2.1/../../../arm-none-eabi/lib/thumb/v8-m.main/nofp/libg.a(lib_a-makebuf.o)
 .debug_aranges
                0x0000000000000540       0x20 /usr/lib/gcc/arm-none-eabi/9.2.1/../../../arm-none-eabi/lib/thumb/v8-m.main/nofp/libg.a(lib_a-memchr-stub.o)
 .debug_aranges
                0x0000000000000560       0x20 /usr/lib/gcc/arm-none-eabi/9.2.1/../../../arm-none-eabi/lib/thumb/v8-m.main/nofp/libg.a(lib_a-memcpy.o)
 .debug_aranges
                0x0000000000000580       0x20 /usr/lib/gcc/arm-none-eabi/9.2.1/../../../arm-none-eabi/lib/thumb/v8-m.main/nofp/libg.a(lib_a-mprec.o)
 .debug_aranges
                0x00000000000005a0       0x20 /usr/lib/gcc/arm-none-eabi/9.2.1/../../../arm-none-eabi/lib/thumb/v8-m.main/nofp/libg.a(lib_a-openr.o)
 .debug_aranges
                0x00000000000005c0       0x20 /usr/lib/gcc/arm-none-eabi/9.2.1/../../../arm-none-eabi/lib/thumb/v8-m.main/nofp/libg.a(lib_a-readr.o)
 .debug_aranges
                0x00000000000005e0       0x20 /usr/lib/gcc/arm-none-eabi/9.2.1/../../../arm-none-eabi/lib/thumb/v8-m.main/nofp/libg.a(lib_a-vfiprintf.o)
 .debug_aranges
                0x0000000000000600       0x20 /usr/lib/gcc/arm-none-eabi/9.2.1/../../../arm-none-eabi/lib/thumb/v8-m.main/nofp/libg.a(lib_a-assert.o)
 .debug_aranges
                0x0000000000000620       0x20 /usr/lib/gcc/arm-none-eabi/9.2.1/../../../arm-none-eabi/lib/thumb/v8-m.main/nofp/libg.a(lib_a-callocr.o)
 .debug_aranges
                0x0000000000000640       0x20 /usr/lib/gcc/arm-none-eabi/9.2.1/../../../arm-none-eabi/lib/thumb/v8-m.main/nofp/libg.a(lib_a-fiprintf.o)
 .debug_aranges
                0x0000000000000660       0x20 /usr/lib/gcc/arm-none-eabi/9.2.1/../../../arm-none-eabi/lib/thumb/v8-m.main/nofp/libg.a(lib_a-fputwc.o)
 .debug_aranges
                0x0000000000000680       0x20 /usr/lib/gcc/arm-none-eabi/9.2.1/../../../arm-none-eabi/lib/thumb/v8-m.main/nofp/libg.a(lib_a-fstatr.o)
 .debug_aranges
                0x00000000000006a0       0x20 /usr/lib/gcc/arm-none-eabi/9.2.1/../../../arm-none-eabi/lib/thumb/v8-m.main/nofp/libg.a(lib_a-fvwrite.o)
 .debug_aranges
                0x00000000000006c0       0x20 /usr/lib/gcc/arm-none-eabi/9.2.1/../../../arm-none-eabi/lib/thumb/v8-m.main/nofp/libg.a(lib_a-isattyr.o)
 .debug_aranges
                0x00000000000006e0       0x20 /usr/lib/gcc/arm-none-eabi/9.2.1/../../../arm-none-eabi/lib/thumb/v8-m.main/nofp/libg.a(lib_a-locale.o)
 .debug_aranges
                0x0000000000000700       0x20 /usr/lib/gcc/arm-none-eabi/9.2.1/../../../arm-none-eabi/lib/thumb/v8-m.main/nofp/libg.a(lib_a-mbtowc_r.o)
 .debug_aranges
                0x0000000000000720       0x20 /usr/lib/gcc/arm-none-eabi/9.2.1/../../../arm-none-eabi/lib/thumb/v8-m.main/nofp/libg.a(lib_a-memmove.o)
 .debug_aranges
                0x0000000000000740       0x20 /usr/lib/gcc/arm-none-eabi/9.2.1/../../../arm-none-eabi/lib/thumb/v8-m.main/nofp/libg.a(lib_a-reallocr.o)
 .debug_aranges
                0x0000000000000760       0x20 /usr/lib/gcc/arm-none-eabi/9.2.1/../../../arm-none-eabi/lib/thumb/v8-m.main/nofp/libg.a(lib_a-strcmp.o)
 .debug_aranges
                0x0000000000000780       0x20 /usr/lib/gcc/arm-none-eabi/9.2.1/../../../arm-none-eabi/lib/thumb/v8-m.main/nofp/libg.a(lib_a-wbuf.o)
 .debug_aranges
                0x00000000000007a0       0x20 /usr/lib/gcc/arm-none-eabi/9.2.1/../../../arm-none-eabi/lib/thumb/v8-m.main/nofp/libg.a(lib_a-wcrtomb.o)
 .debug_aranges
                0x00000000000007c0       0x20 /usr/lib/gcc/arm-none-eabi/9.2.1/../../../arm-none-eabi/lib/thumb/v8-m.main/nofp/libg.a(lib_a-wctomb_r.o)
 .debug_aranges
                0x00000000000007e0       0x20 /usr/lib/gcc/arm-none-eabi/9.2.1/../../../arm-none-eabi/lib/thumb/v8-m.main/nofp/libg.a(lib_a-abort.o)
 .debug_aranges
                0x0000000000000800       0x20 /usr/lib/gcc/arm-none-eabi/9.2.1/../../../arm-none-eabi/lib/thumb/v8-m.main/nofp/libg.a(lib_a-signal.o)
 .debug_aranges
                0x0000000000000820       0x20 /usr/lib/gcc/arm-none-eabi/9.2.1/../../../arm-none-eabi/lib/thumb/v8-m.main/nofp/libg.a(lib_a-signalr.o)
 .debug_aranges
                0x0000000000000840       0x20 /usr/lib/gcc/arm-none-eabi/9.2.1/thumb/v8-m.main/nofp/libgcc.a(_arm_addsubdf3.o)
 .debug_aranges
                0x0000000000000860       0x20 /usr/lib/gcc/arm-none-eabi/9.2.1/thumb/v8-m.main/nofp/libgcc.a(_arm_muldivdf3.o)
 .debug_aranges
                0x0000000000000880       0x20 /usr/lib/gcc/arm-none-eabi/9.2.1/thumb/v8-m.main/nofp/libgcc.a(_arm_cmpdf2.o)
 .debug_aranges
                0x00000000000008a0       0x20 /usr/lib/gcc/arm-none-eabi/9.2.1/thumb/v8-m.main/nofp/libgcc.a(_arm_unorddf2.o)
 .debug_aranges
                0x00000000000008c0       0x20 /usr/lib/gcc/arm-none-eabi/9.2.1/thumb/v8-m.main/nofp/libgcc.a(_arm_fixdfsi.o)
 .debug_aranges
                0x00000000000008e0       0x20 /usr/lib/gcc/arm-none-eabi/9.2.1/thumb/v8-m.main/nofp/libgcc.a(_aeabi_uldivmod.o)
 .debug_aranges
                0x0000000000000900       0x20 /usr/lib/gcc/arm-none-eabi/9.2.1/thumb/v8-m.main/nofp/libgcc.a(_udivmoddi4.o)
 .debug_aranges
                0x0000000000000920       0x20 /usr/lib/gcc/arm-none-eabi/9.2.1/thumb/v8-m.main/nofp/libgcc.a(_dvmd_tls.o)

.debug_ranges   0x0000000000000000     0x1d28
 .debug_ranges  0x0000000000000000       0x10 main.o
 .debug_ranges  0x0000000000000010       0x10 sbrk.o
 .debug_ranges  0x0000000000000020     0x1160 ssyscalls.o
 .debug_ranges  0x0000000000001180       0x68 startup_ARMCM33.o
 .debug_ranges  0x00000000000011e8       0x48 startup.o
 .debug_ranges  0x0000000000001230       0x18 system_ARMCM33.o
 .debug_ranges  0x0000000000001248      0x188 /usr/lib/gcc/arm-none-eabi/9.2.1/../../../arm-none-eabi/lib/thumb/v8-m.main/nofp/libg.a(lib_a-findfp.o)
 .debug_ranges  0x00000000000013d0       0x30 /usr/lib/gcc/arm-none-eabi/9.2.1/../../../arm-none-eabi/lib/thumb/v8-m.main/nofp/libg.a(lib_a-mallocr.o)
 .debug_ranges  0x0000000000001400       0x10 /usr/lib/gcc/arm-none-eabi/9.2.1/../../../arm-none-eabi/lib/thumb/v8-m.main/nofp/libg.a(lib_a-strlen-stub.o)
 .debug_ranges  0x0000000000001410      0x188 /usr/lib/gcc/arm-none-eabi/9.2.1/../../../arm-none-eabi/lib/thumb/v8-m.main/nofp/libg.a(lib_a-vfprintf.o)
 .debug_ranges  0x0000000000001598       0x28 /usr/lib/gcc/arm-none-eabi/9.2.1/../../../arm-none-eabi/lib/thumb/v8-m.main/nofp/libg.a(lib_a-wsetup.o)
 .debug_ranges  0x00000000000015c0       0x40 /usr/lib/gcc/arm-none-eabi/9.2.1/../../../arm-none-eabi/lib/thumb/v8-m.main/nofp/libg.a(lib_a-dtoa.o)
 .debug_ranges  0x0000000000001600       0x30 /usr/lib/gcc/arm-none-eabi/9.2.1/../../../arm-none-eabi/lib/thumb/v8-m.main/nofp/libg.a(lib_a-fclose.o)
 .debug_ranges  0x0000000000001630       0x70 /usr/lib/gcc/arm-none-eabi/9.2.1/../../../arm-none-eabi/lib/thumb/v8-m.main/nofp/libg.a(lib_a-fflush.o)
 .debug_ranges  0x00000000000016a0       0x18 /usr/lib/gcc/arm-none-eabi/9.2.1/../../../arm-none-eabi/lib/thumb/v8-m.main/nofp/libg.a(lib_a-makebuf.o)
 .debug_ranges  0x00000000000016b8      0x140 /usr/lib/gcc/arm-none-eabi/9.2.1/../../../arm-none-eabi/lib/thumb/v8-m.main/nofp/libg.a(lib_a-mprec.o)
 .debug_ranges  0x00000000000017f8      0x1b0 /usr/lib/gcc/arm-none-eabi/9.2.1/../../../arm-none-eabi/lib/thumb/v8-m.main/nofp/libg.a(lib_a-vfiprintf.o)
 .debug_ranges  0x00000000000019a8       0x48 /usr/lib/gcc/arm-none-eabi/9.2.1/../../../arm-none-eabi/lib/thumb/v8-m.main/nofp/libg.a(lib_a-callocr.o)
 .debug_ranges  0x00000000000019f0       0x50 /usr/lib/gcc/arm-none-eabi/9.2.1/../../../arm-none-eabi/lib/thumb/v8-m.main/nofp/libg.a(lib_a-fputwc.o)
 .debug_ranges  0x0000000000001a40       0x20 /usr/lib/gcc/arm-none-eabi/9.2.1/../../../arm-none-eabi/lib/thumb/v8-m.main/nofp/libg.a(lib_a-fvwrite.o)
 .debug_ranges  0x0000000000001a60      0x1b0 /usr/lib/gcc/arm-none-eabi/9.2.1/../../../arm-none-eabi/lib/thumb/v8-m.main/nofp/libg.a(lib_a-reallocr.o)
 .debug_ranges  0x0000000000001c10       0x20 /usr/lib/gcc/arm-none-eabi/9.2.1/../../../arm-none-eabi/lib/thumb/v8-m.main/nofp/libg.a(lib_a-wbuf.o)
 .debug_ranges  0x0000000000001c30       0x10 /usr/lib/gcc/arm-none-eabi/9.2.1/../../../arm-none-eabi/lib/thumb/v8-m.main/nofp/libg.a(lib_a-wcrtomb.o)
 .debug_ranges  0x0000000000001c40       0x30 /usr/lib/gcc/arm-none-eabi/9.2.1/../../../arm-none-eabi/lib/thumb/v8-m.main/nofp/libg.a(lib_a-signal.o)
 .debug_ranges  0x0000000000001c70       0xb8 /usr/lib/gcc/arm-none-eabi/9.2.1/thumb/v8-m.main/nofp/libgcc.a(_udivmoddi4.o)

.debug_macro    0x0000000000000000     0x5054
 .debug_macro   0x0000000000000000      0x27b main.o
 .debug_macro   0x000000000000027b      0xa9c main.o
 .debug_macro   0x0000000000000d17       0x22 main.o
 .debug_macro   0x0000000000000d39       0x52 main.o
 .debug_macro   0x0000000000000d8b       0x18 main.o
 .debug_macro   0x0000000000000da3       0x94 main.o
 .debug_macro   0x0000000000000e37       0x35 main.o
 .debug_macro   0x0000000000000e6c       0x34 main.o
 .debug_macro   0x0000000000000ea0       0x16 main.o
 .debug_macro   0x0000000000000eb6       0x57 main.o
 .debug_macro   0x0000000000000f0d       0x97 main.o
 .debug_macro   0x0000000000000fa4      0x339 main.o
 .debug_macro   0x00000000000012dd       0xfd main.o
 .debug_macro   0x00000000000013da       0x10 main.o
 .debug_macro   0x00000000000013ea       0x16 main.o
 .debug_macro   0x0000000000001400       0x43 main.o
 .debug_macro   0x0000000000001443       0x34 main.o
 .debug_macro   0x0000000000001477       0x10 main.o
 .debug_macro   0x0000000000001487       0x52 main.o
 .debug_macro   0x00000000000014d9      0x182 main.o
 .debug_macro   0x000000000000165b       0x10 main.o
 .debug_macro   0x000000000000166b       0x6a main.o
 .debug_macro   0x00000000000016d5       0x1c main.o
 .debug_macro   0x00000000000016f1       0x52 main.o
 .debug_macro   0x0000000000001743       0x22 main.o
 .debug_macro   0x0000000000001765       0x10 main.o
 .debug_macro   0x0000000000001775       0x40 main.o
 .debug_macro   0x00000000000017b5       0xd5 main.o
 .debug_macro   0x000000000000188a       0x1c main.o
 .debug_macro   0x00000000000018a6       0x3d main.o
 .debug_macro   0x00000000000018e3       0x16 main.o
 .debug_macro   0x00000000000018f9      0x16f main.o
 .debug_macro   0x0000000000001a68       0x16 main.o
 .debug_macro   0x0000000000001a7e       0x35 main.o
 .debug_macro   0x0000000000001ab3      0x51a main.o
 .debug_macro   0x0000000000001fcd       0x16 main.o
 .debug_macro   0x0000000000001fe3       0x10 main.o
 .debug_macro   0x0000000000001ff3       0x10 main.o
 .debug_macro   0x0000000000002003       0x35 main.o
 .debug_macro   0x0000000000002038      0x12c main.o
 .debug_macro   0x0000000000002164      0x22a main.o
 .debug_macro   0x000000000000238e       0x10 main.o
 .debug_macro   0x000000000000239e       0x16 main.o
 .debug_macro   0x00000000000023b4       0x16 main.o
 .debug_macro   0x00000000000023ca       0x29 main.o
 .debug_macro   0x00000000000023f3       0x10 main.o
 .debug_macro   0x0000000000002403      0x241 main.o
 .debug_macro   0x0000000000002644       0x16 main.o
 .debug_macro   0x000000000000265a       0x1c main.o
 .debug_macro   0x0000000000002676      0x163 sbrk.o
 .debug_macro   0x00000000000027d9      0x174 sbrk.o
 .debug_macro   0x000000000000294d      0x23b sbrk.o
 .debug_macro   0x0000000000002b88      0x2c4 ssyscalls.o
 .debug_macro   0x0000000000002e4c      0x34e ssyscalls.o
 .debug_macro   0x000000000000319a       0x10 ssyscalls.o
 .debug_macro   0x00000000000031aa       0x1c ssyscalls.o
 .debug_macro   0x00000000000031c6       0x10 ssyscalls.o
 .debug_macro   0x00000000000031d6       0xce ssyscalls.o
 .debug_macro   0x00000000000032a4       0x16 ssyscalls.o
 .debug_macro   0x00000000000032ba       0x3a ssyscalls.o
 .debug_macro   0x00000000000032f4      0x11f ssyscalls.o
 .debug_macro   0x0000000000003413      0x189 ssyscalls.o
 .debug_macro   0x000000000000359c       0x16 ssyscalls.o
 .debug_macro   0x00000000000035b2       0x22 ssyscalls.o
 .debug_macro   0x00000000000035d4       0x6f startup_ARMCM33.o
 .debug_macro   0x0000000000003643       0x3a startup_ARMCM33.o
 .debug_macro   0x000000000000367d       0x1c startup_ARMCM33.o
 .debug_macro   0x0000000000003699       0x2a startup_ARMCM33.o
 .debug_macro   0x00000000000036c3      0x101 startup_ARMCM33.o
 .debug_macro   0x00000000000037c4     0x167e startup_ARMCM33.o
 .debug_macro   0x0000000000004e42       0x5e startup_ARMCM33.o
 .debug_macro   0x0000000000004ea0      0x139 startup.o
 .debug_macro   0x0000000000004fd9       0x7b system_ARMCM33.o

.debug_line     0x0000000000000000     0xfcd9
 .debug_line    0x0000000000000000      0x36e main.o
 .debug_line    0x000000000000036e      0x2a8 sbrk.o
 .debug_line    0x0000000000000616     0x1d1d ssyscalls.o
 .debug_line    0x0000000000002333      0x24f startup_ARMCM33.o
 .debug_line    0x0000000000002582      0x474 startup.o
 .debug_line    0x00000000000029f6      0x160 system_ARMCM33.o
 .debug_line    0x0000000000002b56      0x154 /usr/lib/gcc/arm-none-eabi/9.2.1/../../../arm-none-eabi/lib/thumb/v8-m.main/nofp/libg.a(lib_a-ctype_.o)
 .debug_line    0x0000000000002caa      0x108 /usr/lib/gcc/arm-none-eabi/9.2.1/../../../arm-none-eabi/lib/thumb/v8-m.main/nofp/libg.a(lib_a-errno.o)
 .debug_line    0x0000000000002db2      0x563 /usr/lib/gcc/arm-none-eabi/9.2.1/../../../arm-none-eabi/lib/thumb/v8-m.main/nofp/libg.a(lib_a-findfp.o)
 .debug_line    0x0000000000003315      0x289 /usr/lib/gcc/arm-none-eabi/9.2.1/../../../arm-none-eabi/lib/thumb/v8-m.main/nofp/libg.a(lib_a-fwalk.o)
 .debug_line    0x000000000000359e       0xe3 /usr/lib/gcc/arm-none-eabi/9.2.1/../../../arm-none-eabi/lib/thumb/v8-m.main/nofp/libg.a(lib_a-impure.o)
 .debug_line    0x0000000000003681      0x15e /usr/lib/gcc/arm-none-eabi/9.2.1/../../../arm-none-eabi/lib/thumb/v8-m.main/nofp/libg.a(lib_a-malloc.o)
 .debug_line    0x00000000000037df      0x89c /usr/lib/gcc/arm-none-eabi/9.2.1/../../../arm-none-eabi/lib/thumb/v8-m.main/nofp/libg.a(lib_a-mallocr.o)
 .debug_line    0x000000000000407b      0x26d /usr/lib/gcc/arm-none-eabi/9.2.1/../../../arm-none-eabi/lib/thumb/v8-m.main/nofp/libg.a(lib_a-memset.o)
 .debug_line    0x00000000000042e8      0x13d /usr/lib/gcc/arm-none-eabi/9.2.1/../../../arm-none-eabi/lib/thumb/v8-m.main/nofp/libg.a(lib_a-mlock.o)
 .debug_line    0x0000000000004425      0x1dc /usr/lib/gcc/arm-none-eabi/9.2.1/../../../arm-none-eabi/lib/thumb/v8-m.main/nofp/libg.a(lib_a-printf.o)
 .debug_line    0x0000000000004601      0x182 /usr/lib/gcc/arm-none-eabi/9.2.1/../../../arm-none-eabi/lib/thumb/v8-m.main/nofp/libg.a(lib_a-sbrkr.o)
 .debug_line    0x0000000000004783      0x26a /usr/lib/gcc/arm-none-eabi/9.2.1/../../../arm-none-eabi/lib/thumb/v8-m.main/nofp/libg.a(lib_a-stdio.o)
 .debug_line    0x00000000000049ed      0x14e /usr/lib/gcc/arm-none-eabi/9.2.1/../../../arm-none-eabi/lib/thumb/v8-m.main/nofp/libg.a(lib_a-strlen-stub.o)
 .debug_line    0x0000000000004b3b      0x14d /usr/lib/gcc/arm-none-eabi/9.2.1/../../../arm-none-eabi/lib/thumb/v8-m.main/nofp/libg.a(lib_a-sysclose.o)
 .debug_line    0x0000000000004c88      0x198 /usr/lib/gcc/arm-none-eabi/9.2.1/../../../arm-none-eabi/lib/thumb/v8-m.main/nofp/libg.a(lib_a-sysopen.o)
 .debug_line    0x0000000000004e20      0x158 /usr/lib/gcc/arm-none-eabi/9.2.1/../../../arm-none-eabi/lib/thumb/v8-m.main/nofp/libg.a(lib_a-sysread.o)
 .debug_line    0x0000000000004f78      0x159 /usr/lib/gcc/arm-none-eabi/9.2.1/../../../arm-none-eabi/lib/thumb/v8-m.main/nofp/libg.a(lib_a-syswrite.o)
 .debug_line    0x00000000000050d1     0x1888 /usr/lib/gcc/arm-none-eabi/9.2.1/../../../arm-none-eabi/lib/thumb/v8-m.main/nofp/libg.a(lib_a-vfprintf.o)
 .debug_line    0x0000000000006959      0x187 /usr/lib/gcc/arm-none-eabi/9.2.1/../../../arm-none-eabi/lib/thumb/v8-m.main/nofp/libg.a(lib_a-writer.o)
 .debug_line    0x0000000000006ae0      0x2c2 /usr/lib/gcc/arm-none-eabi/9.2.1/../../../arm-none-eabi/lib/thumb/v8-m.main/nofp/libg.a(lib_a-wsetup.o)
 .debug_line    0x0000000000006da2      0x182 /usr/lib/gcc/arm-none-eabi/9.2.1/../../../arm-none-eabi/lib/thumb/v8-m.main/nofp/libg.a(lib_a-closer.o)
 .debug_line    0x0000000000006f24     0x1451 /usr/lib/gcc/arm-none-eabi/9.2.1/../../../arm-none-eabi/lib/thumb/v8-m.main/nofp/libg.a(lib_a-dtoa.o)
 .debug_line    0x0000000000008375      0x23d /usr/lib/gcc/arm-none-eabi/9.2.1/../../../arm-none-eabi/lib/thumb/v8-m.main/nofp/libg.a(lib_a-fclose.o)
 .debug_line    0x00000000000085b2      0x41c /usr/lib/gcc/arm-none-eabi/9.2.1/../../../arm-none-eabi/lib/thumb/v8-m.main/nofp/libg.a(lib_a-fflush.o)
 .debug_line    0x00000000000089ce      0x513 /usr/lib/gcc/arm-none-eabi/9.2.1/../../../arm-none-eabi/lib/thumb/v8-m.main/nofp/libg.a(lib_a-freer.o)
 .debug_line    0x0000000000008ee1      0x1ca /usr/lib/gcc/arm-none-eabi/9.2.1/../../../arm-none-eabi/lib/thumb/v8-m.main/nofp/libg.a(lib_a-localeconv.o)
 .debug_line    0x00000000000090ab      0x187 /usr/lib/gcc/arm-none-eabi/9.2.1/../../../arm-none-eabi/lib/thumb/v8-m.main/nofp/libg.a(lib_a-lseekr.o)
 .debug_line    0x0000000000009232      0x371 /usr/lib/gcc/arm-none-eabi/9.2.1/../../../arm-none-eabi/lib/thumb/v8-m.main/nofp/libg.a(lib_a-makebuf.o)
 .debug_line    0x00000000000095a3      0x203 /usr/lib/gcc/arm-none-eabi/9.2.1/../../../arm-none-eabi/lib/thumb/v8-m.main/nofp/libg.a(lib_a-memchr-stub.o)
 .debug_line    0x00000000000097a6       0xc1 /usr/lib/gcc/arm-none-eabi/9.2.1/../../../arm-none-eabi/lib/thumb/v8-m.main/nofp/libg.a(lib_a-memcpy.o)
 .debug_line    0x0000000000009867     0x14d7 /usr/lib/gcc/arm-none-eabi/9.2.1/../../../arm-none-eabi/lib/thumb/v8-m.main/nofp/libg.a(lib_a-mprec.o)
 .debug_line    0x000000000000ad3e      0x1a4 /usr/lib/gcc/arm-none-eabi/9.2.1/../../../arm-none-eabi/lib/thumb/v8-m.main/nofp/libg.a(lib_a-openr.o)
 .debug_line    0x000000000000aee2      0x186 /usr/lib/gcc/arm-none-eabi/9.2.1/../../../arm-none-eabi/lib/thumb/v8-m.main/nofp/libg.a(lib_a-readr.o)
 .debug_line    0x000000000000b068     0x11ac /usr/lib/gcc/arm-none-eabi/9.2.1/../../../arm-none-eabi/lib/thumb/v8-m.main/nofp/libg.a(lib_a-vfiprintf.o)
 .debug_line    0x000000000000c214      0x191 /usr/lib/gcc/arm-none-eabi/9.2.1/../../../arm-none-eabi/lib/thumb/v8-m.main/nofp/libg.a(lib_a-assert.o)
 .debug_line    0x000000000000c3a5      0x1c2 /usr/lib/gcc/arm-none-eabi/9.2.1/../../../arm-none-eabi/lib/thumb/v8-m.main/nofp/libg.a(lib_a-callocr.o)
 .debug_line    0x000000000000c567      0x1a3 /usr/lib/gcc/arm-none-eabi/9.2.1/../../../arm-none-eabi/lib/thumb/v8-m.main/nofp/libg.a(lib_a-fiprintf.o)
 .debug_line    0x000000000000c70a      0x2f7 /usr/lib/gcc/arm-none-eabi/9.2.1/../../../arm-none-eabi/lib/thumb/v8-m.main/nofp/libg.a(lib_a-fputwc.o)
 .debug_line    0x000000000000ca01      0x212 /usr/lib/gcc/arm-none-eabi/9.2.1/../../../arm-none-eabi/lib/thumb/v8-m.main/nofp/libg.a(lib_a-fstatr.o)
 .debug_line    0x000000000000cc13      0x5fe /usr/lib/gcc/arm-none-eabi/9.2.1/../../../arm-none-eabi/lib/thumb/v8-m.main/nofp/libg.a(lib_a-fvwrite.o)
 .debug_line    0x000000000000d211      0x183 /usr/lib/gcc/arm-none-eabi/9.2.1/../../../arm-none-eabi/lib/thumb/v8-m.main/nofp/libg.a(lib_a-isattyr.o)
 .debug_line    0x000000000000d394      0x254 /usr/lib/gcc/arm-none-eabi/9.2.1/../../../arm-none-eabi/lib/thumb/v8-m.main/nofp/libg.a(lib_a-locale.o)
 .debug_line    0x000000000000d5e8      0x228 /usr/lib/gcc/arm-none-eabi/9.2.1/../../../arm-none-eabi/lib/thumb/v8-m.main/nofp/libg.a(lib_a-mbtowc_r.o)
 .debug_line    0x000000000000d810      0x28c /usr/lib/gcc/arm-none-eabi/9.2.1/../../../arm-none-eabi/lib/thumb/v8-m.main/nofp/libg.a(lib_a-memmove.o)
 .debug_line    0x000000000000da9c      0x770 /usr/lib/gcc/arm-none-eabi/9.2.1/../../../arm-none-eabi/lib/thumb/v8-m.main/nofp/libg.a(lib_a-reallocr.o)
 .debug_line    0x000000000000e20c      0x106 /usr/lib/gcc/arm-none-eabi/9.2.1/../../../arm-none-eabi/lib/thumb/v8-m.main/nofp/libg.a(lib_a-strcmp.o)
 .debug_line    0x000000000000e312      0x29b /usr/lib/gcc/arm-none-eabi/9.2.1/../../../arm-none-eabi/lib/thumb/v8-m.main/nofp/libg.a(lib_a-wbuf.o)
 .debug_line    0x000000000000e5ad      0x2b3 /usr/lib/gcc/arm-none-eabi/9.2.1/../../../arm-none-eabi/lib/thumb/v8-m.main/nofp/libg.a(lib_a-wcrtomb.o)
 .debug_line    0x000000000000e860      0x212 /usr/lib/gcc/arm-none-eabi/9.2.1/../../../arm-none-eabi/lib/thumb/v8-m.main/nofp/libg.a(lib_a-wctomb_r.o)
 .debug_line    0x000000000000ea72      0x15f /usr/lib/gcc/arm-none-eabi/9.2.1/../../../arm-none-eabi/lib/thumb/v8-m.main/nofp/libg.a(lib_a-abort.o)
 .debug_line    0x000000000000ebd1      0x3d5 /usr/lib/gcc/arm-none-eabi/9.2.1/../../../arm-none-eabi/lib/thumb/v8-m.main/nofp/libg.a(lib_a-signal.o)
 .debug_line    0x000000000000efa6      0x1a3 /usr/lib/gcc/arm-none-eabi/9.2.1/../../../arm-none-eabi/lib/thumb/v8-m.main/nofp/libg.a(lib_a-signalr.o)
 .debug_line    0x000000000000f149      0x186 /usr/lib/gcc/arm-none-eabi/9.2.1/thumb/v8-m.main/nofp/libgcc.a(_arm_addsubdf3.o)
 .debug_line    0x000000000000f2cf      0x19b /usr/lib/gcc/arm-none-eabi/9.2.1/thumb/v8-m.main/nofp/libgcc.a(_arm_muldivdf3.o)
 .debug_line    0x000000000000f46a       0xbd /usr/lib/gcc/arm-none-eabi/9.2.1/thumb/v8-m.main/nofp/libgcc.a(_arm_cmpdf2.o)
 .debug_line    0x000000000000f527       0x6e /usr/lib/gcc/arm-none-eabi/9.2.1/thumb/v8-m.main/nofp/libgcc.a(_arm_unorddf2.o)
 .debug_line    0x000000000000f595       0x79 /usr/lib/gcc/arm-none-eabi/9.2.1/thumb/v8-m.main/nofp/libgcc.a(_arm_fixdfsi.o)
 .debug_line    0x000000000000f60e       0x60 /usr/lib/gcc/arm-none-eabi/9.2.1/thumb/v8-m.main/nofp/libgcc.a(_aeabi_uldivmod.o)
 .debug_line    0x000000000000f66e      0x60b /usr/lib/gcc/arm-none-eabi/9.2.1/thumb/v8-m.main/nofp/libgcc.a(_udivmoddi4.o)
 .debug_line    0x000000000000fc79       0x60 /usr/lib/gcc/arm-none-eabi/9.2.1/thumb/v8-m.main/nofp/libgcc.a(_dvmd_tls.o)

.debug_str      0x0000000000000000    0x174d4
 .debug_str     0x0000000000000000     0x8eef main.o
                                       0x9134 (size before relaxing)
 .debug_str     0x0000000000008eef       0x76 sbrk.o
                                       0x6e45 (size before relaxing)
 .debug_str     0x0000000000008f65     0x243d ssyscalls.o
                                       0xb56d (size before relaxing)
 .debug_str     0x000000000000b3a2     0x8ff7 startup_ARMCM33.o
                                       0xc896 (size before relaxing)
 .debug_str     0x0000000000014399      0x147 startup.o
                                       0x6293 (size before relaxing)
 .debug_str     0x00000000000144e0      0x186 system_ARMCM33.o
                                       0xc8c3 (size before relaxing)
 .debug_str     0x0000000000014666      0x36c /usr/lib/gcc/arm-none-eabi/9.2.1/../../../arm-none-eabi/lib/thumb/v8-m.main/nofp/libg.a(lib_a-ctype_.o)
                                        0x8ba (size before relaxing)
 .debug_str     0x00000000000149d2       0x8f /usr/lib/gcc/arm-none-eabi/9.2.1/../../../arm-none-eabi/lib/thumb/v8-m.main/nofp/libg.a(lib_a-errno.o)
                                        0x5b4 (size before relaxing)
 .debug_str     0x0000000000014a61      0x2bd /usr/lib/gcc/arm-none-eabi/9.2.1/../../../arm-none-eabi/lib/thumb/v8-m.main/nofp/libg.a(lib_a-findfp.o)
                                        0x864 (size before relaxing)
 .debug_str     0x0000000000014d1e       0x41 /usr/lib/gcc/arm-none-eabi/9.2.1/../../../arm-none-eabi/lib/thumb/v8-m.main/nofp/libg.a(lib_a-fwalk.o)
                                        0x718 (size before relaxing)
 .debug_str     0x0000000000014d5f       0x9c /usr/lib/gcc/arm-none-eabi/9.2.1/../../../arm-none-eabi/lib/thumb/v8-m.main/nofp/libg.a(lib_a-impure.o)
                                        0x5a2 (size before relaxing)
 .debug_str     0x0000000000014dfb       0xa6 /usr/lib/gcc/arm-none-eabi/9.2.1/../../../arm-none-eabi/lib/thumb/v8-m.main/nofp/libg.a(lib_a-malloc.o)
                                        0x5d3 (size before relaxing)
 .debug_str     0x0000000000014ea1      0x217 /usr/lib/gcc/arm-none-eabi/9.2.1/../../../arm-none-eabi/lib/thumb/v8-m.main/nofp/libg.a(lib_a-mallocr.o)
                                        0x80a (size before relaxing)
 .debug_str     0x00000000000150b8       0xa6 /usr/lib/gcc/arm-none-eabi/9.2.1/../../../arm-none-eabi/lib/thumb/v8-m.main/nofp/libg.a(lib_a-memset.o)
                                        0x8cf (size before relaxing)
 .debug_str     0x000000000001515e       0x4c /usr/lib/gcc/arm-none-eabi/9.2.1/../../../arm-none-eabi/lib/thumb/v8-m.main/nofp/libg.a(lib_a-mlock.o)
                                        0x5ce (size before relaxing)
 .debug_str     0x00000000000151aa       0x4e /usr/lib/gcc/arm-none-eabi/9.2.1/../../../arm-none-eabi/lib/thumb/v8-m.main/nofp/libg.a(lib_a-printf.o)
                                        0x714 (size before relaxing)
 .debug_str     0x00000000000151f8       0x32 /usr/lib/gcc/arm-none-eabi/9.2.1/../../../arm-none-eabi/lib/thumb/v8-m.main/nofp/libg.a(lib_a-sbrkr.o)
                                        0x5e5 (size before relaxing)
 .debug_str     0x000000000001522a       0x92 /usr/lib/gcc/arm-none-eabi/9.2.1/../../../arm-none-eabi/lib/thumb/v8-m.main/nofp/libg.a(lib_a-stdio.o)
                                        0x76c (size before relaxing)
 .debug_str     0x00000000000152bc       0xa4 /usr/lib/gcc/arm-none-eabi/9.2.1/../../../arm-none-eabi/lib/thumb/v8-m.main/nofp/libg.a(lib_a-strlen-stub.o)
                                        0x5b8 (size before relaxing)
 .debug_str     0x0000000000015360       0x98 /usr/lib/gcc/arm-none-eabi/9.2.1/../../../arm-none-eabi/lib/thumb/v8-m.main/nofp/libg.a(lib_a-sysclose.o)
                                        0x5da (size before relaxing)
 .debug_str     0x00000000000153f8       0x3f /usr/lib/gcc/arm-none-eabi/9.2.1/../../../arm-none-eabi/lib/thumb/v8-m.main/nofp/libg.a(lib_a-sysopen.o)
                                        0x5f7 (size before relaxing)
 .debug_str     0x0000000000015437       0x37 /usr/lib/gcc/arm-none-eabi/9.2.1/../../../arm-none-eabi/lib/thumb/v8-m.main/nofp/libg.a(lib_a-sysread.o)
                                        0x5de (size before relaxing)
 .debug_str     0x000000000001546e       0x38 /usr/lib/gcc/arm-none-eabi/9.2.1/../../../arm-none-eabi/lib/thumb/v8-m.main/nofp/libg.a(lib_a-syswrite.o)
                                        0x5e1 (size before relaxing)
 .debug_str     0x00000000000154a6      0x247 /usr/lib/gcc/arm-none-eabi/9.2.1/../../../arm-none-eabi/lib/thumb/v8-m.main/nofp/libg.a(lib_a-vfprintf.o)
                                        0xcb4 (size before relaxing)
 .debug_str     0x00000000000156ed       0x33 /usr/lib/gcc/arm-none-eabi/9.2.1/../../../arm-none-eabi/lib/thumb/v8-m.main/nofp/libg.a(lib_a-writer.o)
                                        0x5e2 (size before relaxing)
 .debug_str     0x0000000000015720       0x40 /usr/lib/gcc/arm-none-eabi/9.2.1/../../../arm-none-eabi/lib/thumb/v8-m.main/nofp/libg.a(lib_a-wsetup.o)
                                        0x726 (size before relaxing)
 .debug_str     0x0000000000015760       0x33 /usr/lib/gcc/arm-none-eabi/9.2.1/../../../arm-none-eabi/lib/thumb/v8-m.main/nofp/libg.a(lib_a-closer.o)
                                        0x5d2 (size before relaxing)
 .debug_str     0x0000000000015793      0x185 /usr/lib/gcc/arm-none-eabi/9.2.1/../../../arm-none-eabi/lib/thumb/v8-m.main/nofp/libg.a(lib_a-dtoa.o)
                                        0xa9f (size before relaxing)
 .debug_str     0x0000000000015918       0x4f /usr/lib/gcc/arm-none-eabi/9.2.1/../../../arm-none-eabi/lib/thumb/v8-m.main/nofp/libg.a(lib_a-fclose.o)
                                        0x73d (size before relaxing)
 .debug_str     0x0000000000015967       0x4b /usr/lib/gcc/arm-none-eabi/9.2.1/../../../arm-none-eabi/lib/thumb/v8-m.main/nofp/libg.a(lib_a-fflush.o)
                                        0x754 (size before relaxing)
 .debug_str     0x00000000000159b2       0x34 /usr/lib/gcc/arm-none-eabi/9.2.1/../../../arm-none-eabi/lib/thumb/v8-m.main/nofp/libg.a(lib_a-freer.o)
                                        0x783 (size before relaxing)
 .debug_str     0x00000000000159e6       0xf8 /usr/lib/gcc/arm-none-eabi/9.2.1/../../../arm-none-eabi/lib/thumb/v8-m.main/nofp/libg.a(lib_a-localeconv.o)
                                        0x934 (size before relaxing)
 .debug_str     0x0000000000015ade       0x33 /usr/lib/gcc/arm-none-eabi/9.2.1/../../../arm-none-eabi/lib/thumb/v8-m.main/nofp/libg.a(lib_a-lseekr.o)
                                        0x5e0 (size before relaxing)
 .debug_str     0x0000000000015b11       0x6c /usr/lib/gcc/arm-none-eabi/9.2.1/../../../arm-none-eabi/lib/thumb/v8-m.main/nofp/libg.a(lib_a-makebuf.o)
                                        0x899 (size before relaxing)
 .debug_str     0x0000000000015b7d       0x54 /usr/lib/gcc/arm-none-eabi/9.2.1/../../../arm-none-eabi/lib/thumb/v8-m.main/nofp/libg.a(lib_a-memchr-stub.o)
                                        0x5d2 (size before relaxing)
 .debug_str     0x0000000000015bd1       0x4f /usr/lib/gcc/arm-none-eabi/9.2.1/../../../arm-none-eabi/lib/thumb/v8-m.main/nofp/libg.a(lib_a-memcpy.o)
                                         0xb2 (size before relaxing)
 .debug_str     0x0000000000015c20       0x8d /usr/lib/gcc/arm-none-eabi/9.2.1/../../../arm-none-eabi/lib/thumb/v8-m.main/nofp/libg.a(lib_a-mprec.o)
                                        0xa48 (size before relaxing)
 .debug_str     0x0000000000015cad       0x32 /usr/lib/gcc/arm-none-eabi/9.2.1/../../../arm-none-eabi/lib/thumb/v8-m.main/nofp/libg.a(lib_a-openr.o)
                                        0x602 (size before relaxing)
 .debug_str     0x0000000000015cdf       0x32 /usr/lib/gcc/arm-none-eabi/9.2.1/../../../arm-none-eabi/lib/thumb/v8-m.main/nofp/libg.a(lib_a-readr.o)
                                        0x5e0 (size before relaxing)
 .debug_str     0x0000000000015d11       0x2e /usr/lib/gcc/arm-none-eabi/9.2.1/../../../arm-none-eabi/lib/thumb/v8-m.main/nofp/libg.a(lib_a-vfiprintf.o)
                                        0xc1c (size before relaxing)
 .debug_str     0x0000000000015d3f       0x4e /usr/lib/gcc/arm-none-eabi/9.2.1/../../../arm-none-eabi/lib/thumb/v8-m.main/nofp/libg.a(lib_a-assert.o)
                                        0x5e2 (size before relaxing)